stm32f3xx_ll_dac.h:926:22:LL_DAC_EnableDMAReq	16	static
stm32f3xx_ll_dac.h:1008:26:LL_DAC_DMA_GetRegAddr	32	static,ignoring_inline_asm
stm32f3xx_ll_dac.h:1038:22:LL_DAC_Enable	16	static
stm32f3xx_ll_dac.h:1105:22:LL_DAC_EnableTrigger	16	static
stm32f3xx_ll_dma.h:490:22:LL_DMA_EnableChannel	16	static
stm32f3xx_ll_dma.h:563:22:LL_DMA_ConfigTransfer	24	static
stm32f3xx_ll_dma.h:589:22:LL_DMA_SetDataTransferDirection	24	static
stm32f3xx_ll_dma.h:638:22:LL_DMA_SetMode	24	static
stm32f3xx_ll_dma.h:683:22:LL_DMA_SetPeriphIncMode	24	static
stm32f3xx_ll_dma.h:728:22:LL_DMA_SetMemoryIncMode	24	static
stm32f3xx_ll_dma.h:774:22:LL_DMA_SetPeriphSize	24	static
stm32f3xx_ll_dma.h:821:22:LL_DMA_SetMemorySize	24	static
stm32f3xx_ll_dma.h:869:22:LL_DMA_SetChannelPriorityLevel	24	static
stm32f3xx_ll_dma.h:916:22:LL_DMA_SetDataLength	24	static
stm32f3xx_ll_dma.h:967:22:LL_DMA_ConfigAddresses	24	static
stm32f3xx_ll_tim.h:1352:22:LL_TIM_EnableCounter	16	static
stm32f3xx_ll_tim.h:1534:22:LL_TIM_DisableARRPreload	16	static
stm32f3xx_ll_tim.h:3331:22:LL_TIM_SetTriggerOutput	16	static
stm32f3xx_ll_tim.h:3431:22:LL_TIM_DisableMasterSlaveMode	16	static
stm32f3xx_ll_system.h:605:22:LL_SYSCFG_SetRemapDMA_DAC	16	static
stm32f3xx_ll_system.h:1105:22:LL_SYSCFG_SetEXTISource	24	static,ignoring_inline_asm
stm32f3xx_ll_gpio.h:273:22:LL_GPIO_SetPinMode	40	static,ignoring_inline_asm
stm32f3xx_ll_gpio.h:482:22:LL_GPIO_SetPinPull	40	static,ignoring_inline_asm
stm32f3xx_ll_gpio.h:908:22:LL_GPIO_ResetOutputPin	16	static
stm32f3xx_ll_bus.h:287:22:LL_AHB1_GRP1_EnableClock	24	static
stm32f3xx_ll_bus.h:537:22:LL_APB1_GRP1_EnableClock	24	static
main.c:96:13:TEST_DAC_DMA_HAL	24	static
main.c:226:5:main	8	static
main.c:304:6:SystemClock_Config	160	static
main.c:350:13:MX_ADC1_Init	48	static
main.c:413:13:MX_DAC1_Init	48	static
main.c:476:13:MX_TIM6_Init	32	static
main.c:509:13:MX_USART2_UART_Init	8	static
main.c:542:13:MX_DMA_Init	8	static
main.c:556:13:MX_GPIO_Init	48	static
main.c:605:6:Error_Handler	4	static
