Archive member included to satisfy reference by file (symbol)

/opt/st/stm32cubeide_1.1.0/plugins/com.st.stm32cube.ide.mcu.externaltools.gnu-tools-for-stm32.7-2018-q2-update.linux64_1.0.0.201904181610/tools/bin/../lib/gcc/arm-none-eabi/7.3.1/../../../../arm-none-eabi/lib/thumb/v7e-m/fpv4-sp/hard/libc_nano.a(lib_a-errno.o)
                              Core/Src/syscalls.o (__errno)
/opt/st/stm32cubeide_1.1.0/plugins/com.st.stm32cube.ide.mcu.externaltools.gnu-tools-for-stm32.7-2018-q2-update.linux64_1.0.0.201904181610/tools/bin/../lib/gcc/arm-none-eabi/7.3.1/../../../../arm-none-eabi/lib/thumb/v7e-m/fpv4-sp/hard/libc_nano.a(lib_a-exit.o)
                              /opt/st/stm32cubeide_1.1.0/plugins/com.st.stm32cube.ide.mcu.externaltools.gnu-tools-for-stm32.7-2018-q2-update.linux64_1.0.0.201904181610/tools/bin/../lib/gcc/arm-none-eabi/7.3.1/../../../../arm-none-eabi/lib/thumb/v7e-m/fpv4-sp/hard/crt0.o (exit)
/opt/st/stm32cubeide_1.1.0/plugins/com.st.stm32cube.ide.mcu.externaltools.gnu-tools-for-stm32.7-2018-q2-update.linux64_1.0.0.201904181610/tools/bin/../lib/gcc/arm-none-eabi/7.3.1/../../../../arm-none-eabi/lib/thumb/v7e-m/fpv4-sp/hard/libc_nano.a(lib_a-impure.o)
                              /opt/st/stm32cubeide_1.1.0/plugins/com.st.stm32cube.ide.mcu.externaltools.gnu-tools-for-stm32.7-2018-q2-update.linux64_1.0.0.201904181610/tools/bin/../lib/gcc/arm-none-eabi/7.3.1/../../../../arm-none-eabi/lib/thumb/v7e-m/fpv4-sp/hard/libc_nano.a(lib_a-exit.o) (_global_impure_ptr)
/opt/st/stm32cubeide_1.1.0/plugins/com.st.stm32cube.ide.mcu.externaltools.gnu-tools-for-stm32.7-2018-q2-update.linux64_1.0.0.201904181610/tools/bin/../lib/gcc/arm-none-eabi/7.3.1/../../../../arm-none-eabi/lib/thumb/v7e-m/fpv4-sp/hard/libc_nano.a(lib_a-init.o)
                              /opt/st/stm32cubeide_1.1.0/plugins/com.st.stm32cube.ide.mcu.externaltools.gnu-tools-for-stm32.7-2018-q2-update.linux64_1.0.0.201904181610/tools/bin/../lib/gcc/arm-none-eabi/7.3.1/../../../../arm-none-eabi/lib/thumb/v7e-m/fpv4-sp/hard/crt0.o (__libc_init_array)
/opt/st/stm32cubeide_1.1.0/plugins/com.st.stm32cube.ide.mcu.externaltools.gnu-tools-for-stm32.7-2018-q2-update.linux64_1.0.0.201904181610/tools/bin/../lib/gcc/arm-none-eabi/7.3.1/../../../../arm-none-eabi/lib/thumb/v7e-m/fpv4-sp/hard/libc_nano.a(lib_a-memset.o)
                              /opt/st/stm32cubeide_1.1.0/plugins/com.st.stm32cube.ide.mcu.externaltools.gnu-tools-for-stm32.7-2018-q2-update.linux64_1.0.0.201904181610/tools/bin/../lib/gcc/arm-none-eabi/7.3.1/../../../../arm-none-eabi/lib/thumb/v7e-m/fpv4-sp/hard/crt0.o (memset)

Allocating common symbols
Common symbol       size              file

uwTick              0x4               Drivers/STM32F3xx_HAL_Driver/Src/stm32f3xx_hal.o
pFlash              0x20              Drivers/STM32F3xx_HAL_Driver/Src/stm32f3xx_hal_flash.o
hadc1               0x50              Core/Src/main.o
huart2              0x80              Core/Src/main.o

Discarded input sections

 .text          0x0000000000000000        0x0 /opt/st/stm32cubeide_1.1.0/plugins/com.st.stm32cube.ide.mcu.externaltools.gnu-tools-for-stm32.7-2018-q2-update.linux64_1.0.0.201904181610/tools/bin/../lib/gcc/arm-none-eabi/7.3.1/thumb/v7e-m/fpv4-sp/hard/crti.o
 .data          0x0000000000000000        0x0 /opt/st/stm32cubeide_1.1.0/plugins/com.st.stm32cube.ide.mcu.externaltools.gnu-tools-for-stm32.7-2018-q2-update.linux64_1.0.0.201904181610/tools/bin/../lib/gcc/arm-none-eabi/7.3.1/thumb/v7e-m/fpv4-sp/hard/crti.o
 .bss           0x0000000000000000        0x0 /opt/st/stm32cubeide_1.1.0/plugins/com.st.stm32cube.ide.mcu.externaltools.gnu-tools-for-stm32.7-2018-q2-update.linux64_1.0.0.201904181610/tools/bin/../lib/gcc/arm-none-eabi/7.3.1/thumb/v7e-m/fpv4-sp/hard/crti.o
 .data          0x0000000000000000        0x4 /opt/st/stm32cubeide_1.1.0/plugins/com.st.stm32cube.ide.mcu.externaltools.gnu-tools-for-stm32.7-2018-q2-update.linux64_1.0.0.201904181610/tools/bin/../lib/gcc/arm-none-eabi/7.3.1/thumb/v7e-m/fpv4-sp/hard/crtbegin.o
 .text          0x0000000000000000       0x74 /opt/st/stm32cubeide_1.1.0/plugins/com.st.stm32cube.ide.mcu.externaltools.gnu-tools-for-stm32.7-2018-q2-update.linux64_1.0.0.201904181610/tools/bin/../lib/gcc/arm-none-eabi/7.3.1/../../../../arm-none-eabi/lib/thumb/v7e-m/fpv4-sp/hard/crt0.o
 .data          0x0000000000000000        0x0 /opt/st/stm32cubeide_1.1.0/plugins/com.st.stm32cube.ide.mcu.externaltools.gnu-tools-for-stm32.7-2018-q2-update.linux64_1.0.0.201904181610/tools/bin/../lib/gcc/arm-none-eabi/7.3.1/../../../../arm-none-eabi/lib/thumb/v7e-m/fpv4-sp/hard/crt0.o
 .bss           0x0000000000000000        0x0 /opt/st/stm32cubeide_1.1.0/plugins/com.st.stm32cube.ide.mcu.externaltools.gnu-tools-for-stm32.7-2018-q2-update.linux64_1.0.0.201904181610/tools/bin/../lib/gcc/arm-none-eabi/7.3.1/../../../../arm-none-eabi/lib/thumb/v7e-m/fpv4-sp/hard/crt0.o
[...]
Memory Configuration

Name             Origin             Length             Attributes
CCMRAM           0x0000000010000000 0x0000000000004000 xrw
RAM              0x0000000020000000 0x0000000000010000 xrw
FLASH            0x0000000008000000 0x0000000000080000 xr
*default*        0x0000000000000000 0xffffffffffffffff

Linker script and memory map

LOAD /opt/st/stm32cubeide_1.1.0/plugins/com.st.stm32cube.ide.mcu.externaltools.gnu-tools-for-stm32.7-2018-q2-update.linux64_1.0.0.201904181610/tools/bin/../lib/gcc/arm-none-eabi/7.3.1/thumb/v7e-m/fpv4-sp/hard/crti.o
LOAD /opt/st/stm32cubeide_1.1.0/plugins/com.st.stm32cube.ide.mcu.externaltools.gnu-tools-for-stm32.7-2018-q2-update.linux64_1.0.0.201904181610/tools/bin/../lib/gcc/arm-none-eabi/7.3.1/thumb/v7e-m/fpv4-sp/hard/crtbegin.o
LOAD /opt/st/stm32cubeide_1.1.0/plugins/com.st.stm32cube.ide.mcu.externaltools.gnu-tools-for-stm32.7-2018-q2-update.linux64_1.0.0.201904181610/tools/bin/../lib/gcc/arm-none-eabi/7.3.1/../../../../arm-none-eabi/lib/thumb/v7e-m/fpv4-sp/hard/crt0.o
LOAD Core/Src/main.o
LOAD Core/Src/stm32f3xx_hal_msp.o
LOAD Core/Src/stm32f3xx_it.o
LOAD Core/Src/syscalls.o
LOAD Core/Src/sysmem.o
LOAD Core/Src/system_stm32f3xx.o
LOAD Core/Startup/startup_stm32f303retx.o
LOAD Drivers/STM32F3xx_HAL_Driver/Src/stm32f3xx_hal.o
LOAD Drivers/STM32F3xx_HAL_Driver/Src/stm32f3xx_hal_adc.o
LOAD Drivers/STM32F3xx_HAL_Driver/Src/stm32f3xx_hal_adc_ex.o
LOAD Drivers/STM32F3xx_HAL_Driver/Src/stm32f3xx_hal_cortex.o
LOAD Drivers/STM32F3xx_HAL_Driver/Src/stm32f3xx_hal_dma.o
LOAD Drivers/STM32F3xx_HAL_Driver/Src/stm32f3xx_hal_exti.o
LOAD Drivers/STM32F3xx_HAL_Driver/Src/stm32f3xx_hal_flash.o
LOAD Drivers/STM32F3xx_HAL_Driver/Src/stm32f3xx_hal_flash_ex.o
LOAD Drivers/STM32F3xx_HAL_Driver/Src/stm32f3xx_hal_gpio.o
LOAD Drivers/STM32F3xx_HAL_Driver/Src/stm32f3xx_hal_i2c.o
LOAD Drivers/STM32F3xx_HAL_Driver/Src/stm32f3xx_hal_i2c_ex.o
LOAD Drivers/STM32F3xx_HAL_Driver/Src/stm32f3xx_hal_pwr.o
LOAD Drivers/STM32F3xx_HAL_Driver/Src/stm32f3xx_hal_pwr_ex.o
LOAD Drivers/STM32F3xx_HAL_Driver/Src/stm32f3xx_hal_rcc.o
LOAD Drivers/STM32F3xx_HAL_Driver/Src/stm32f3xx_hal_rcc_ex.o
LOAD Drivers/STM32F3xx_HAL_Driver/Src/stm32f3xx_hal_tim.o
LOAD Drivers/STM32F3xx_HAL_Driver/Src/stm32f3xx_hal_tim_ex.o
LOAD Drivers/STM32F3xx_HAL_Driver/Src/stm32f3xx_hal_uart.o
LOAD Drivers/STM32F3xx_HAL_Driver/Src/stm32f3xx_hal_uart_ex.o
LOAD Drivers/STM32F3xx_HAL_Driver/Src/stm32f3xx_ll_dac.o
LOAD Drivers/STM32F3xx_HAL_Driver/Src/stm32f3xx_ll_dma.o
LOAD Drivers/STM32F3xx_HAL_Driver/Src/stm32f3xx_ll_exti.o
LOAD Drivers/STM32F3xx_HAL_Driver/Src/stm32f3xx_ll_gpio.o
LOAD Drivers/STM32F3xx_HAL_Driver/Src/stm32f3xx_ll_rcc.o
LOAD Drivers/STM32F3xx_HAL_Driver/Src/stm32f3xx_ll_tim.o
LOAD Drivers/STM32F3xx_HAL_Driver/Src/stm32f3xx_ll_utils.o
START GROUP
LOAD /opt/st/stm32cubeide_1.1.0/plugins/com.st.stm32cube.ide.mcu.externaltools.gnu-tools-for-stm32.7-2018-q2-update.linux64_1.0.0.201904181610/tools/bin/../lib/gcc/arm-none-eabi/7.3.1/../../../../arm-none-eabi/lib/thumb/v7e-m/fpv4-sp/hard/libc_nano.a
LOAD /opt/st/stm32cubeide_1.1.0/plugins/com.st.stm32cube.ide.mcu.externaltools.gnu-tools-for-stm32.7-2018-q2-update.linux64_1.0.0.201904181610/tools/bin/../lib/gcc/arm-none-eabi/7.3.1/../../../../arm-none-eabi/lib/thumb/v7e-m/fpv4-sp/hard/libm.a
END GROUP
START GROUP
LOAD /opt/st/stm32cubeide_1.1.0/plugins/com.st.stm32cube.ide.mcu.externaltools.gnu-tools-for-stm32.7-2018-q2-update.linux64_1.0.0.201904181610/tools/bin/../lib/gcc/arm-none-eabi/7.3.1/thumb/v7e-m/fpv4-sp/hard/libgcc.a
LOAD /opt/st/stm32cubeide_1.1.0/plugins/com.st.stm32cube.ide.mcu.externaltools.gnu-tools-for-stm32.7-2018-q2-update.linux64_1.0.0.201904181610/tools/bin/../lib/gcc/arm-none-eabi/7.3.1/../../../../arm-none-eabi/lib/thumb/v7e-m/fpv4-sp/hard/libc_nano.a
END GROUP
START GROUP
LOAD /opt/st/stm32cubeide_1.1.0/plugins/com.st.stm32cube.ide.mcu.externaltools.gnu-tools-for-stm32.7-2018-q2-update.linux64_1.0.0.201904181610/tools/bin/../lib/gcc/arm-none-eabi/7.3.1/thumb/v7e-m/fpv4-sp/hard/libgcc.a
LOAD /opt/st/stm32cubeide_1.1.0/plugins/com.st.stm32cube.ide.mcu.externaltools.gnu-tools-for-stm32.7-2018-q2-update.linux64_1.0.0.201904181610/tools/bin/../lib/gcc/arm-none-eabi/7.3.1/../../../../arm-none-eabi/lib/thumb/v7e-m/fpv4-sp/hard/libc_nano.a
LOAD /opt/st/stm32cubeide_1.1.0/plugins/com.st.stm32cube.ide.mcu.externaltools.gnu-tools-for-stm32.7-2018-q2-update.linux64_1.0.0.201904181610/tools/bin/../lib/gcc/arm-none-eabi/7.3.1/../../../../arm-none-eabi/lib/thumb/v7e-m/fpv4-sp/hard/libnosys.a
END GROUP
START GROUP
LOAD /opt/st/stm32cubeide_1.1.0/plugins/com.st.stm32cube.ide.mcu.externaltools.gnu-tools-for-stm32.7-2018-q2-update.linux64_1.0.0.201904181610/tools/bin/../lib/gcc/arm-none-eabi/7.3.1/thumb/v7e-m/fpv4-sp/hard/libgcc.a
LOAD /opt/st/stm32cubeide_1.1.0/plugins/com.st.stm32cube.ide.mcu.externaltools.gnu-tools-for-stm32.7-2018-q2-update.linux64_1.0.0.201904181610/tools/bin/../lib/gcc/arm-none-eabi/7.3.1/../../../../arm-none-eabi/lib/thumb/v7e-m/fpv4-sp/hard/libc_nano.a
LOAD /opt/st/stm32cubeide_1.1.0/plugins/com.st.stm32cube.ide.mcu.externaltools.gnu-tools-for-stm32.7-2018-q2-update.linux64_1.0.0.201904181610/tools/bin/../lib/gcc/arm-none-eabi/7.3.1/../../../../arm-none-eabi/lib/thumb/v7e-m/fpv4-sp/hard/libnosys.a
END GROUP
LOAD /opt/st/stm32cubeide_1.1.0/plugins/com.st.stm32cube.ide.mcu.externaltools.gnu-tools-for-stm32.7-2018-q2-update.linux64_1.0.0.201904181610/tools/bin/../lib/gcc/arm-none-eabi/7.3.1/thumb/v7e-m/fpv4-sp/hard/crtend.o
LOAD /opt/st/stm32cubeide_1.1.0/plugins/com.st.stm32cube.ide.mcu.externaltools.gnu-tools-for-stm32.7-2018-q2-update.linux64_1.0.0.201904181610/tools/bin/../lib/gcc/arm-none-eabi/7.3.1/thumb/v7e-m/fpv4-sp/hard/crtn.o
                0x0000000020010000                _estack = (ORIGIN (RAM) + LENGTH (RAM))
                0x0000000000000200                _Min_Heap_Size = 0x200
                0x0000000000000400                _Min_Stack_Size = 0x400

.isr_vector     0x0000000008000000      0x194
                0x0000000008000000                . = ALIGN (0x4)
 *(.isr_vector)
 .isr_vector    0x0000000008000000      0x194 Core/Startup/startup_stm32f303retx.o
                0x0000000008000000                g_pfnVectors
                0x0000000008000194                . = ALIGN (0x4)

.text           0x0000000008000194     0x2420
                0x0000000008000194                . = ALIGN (0x4)
 *(.text)
 .text          0x0000000008000194       0x40 /opt/st/stm32cubeide_1.1.0/plugins/com.st.stm32cube.ide.mcu.externaltools.gnu-tools-for-stm32.7-2018-q2-update.linux64_1.0.0.201904181610/tools/bin/../lib/gcc/arm-none-eabi/7.3.1/thumb/v7e-m/fpv4-sp/hard/crtbegin.o
 *(.text*)
 .text.SystemClock_Config
                0x00000000080001d4       0x74 Core/Src/main.o
                0x00000000080001d4                SystemClock_Config
 .text.startup.main
                0x0000000008000248      0x390 Core/Src/main.o
                0x0000000008000248                main
 .text.HAL_MspInit
                0x00000000080005d8       0x30 Core/Src/stm32f3xx_hal_msp.o
                0x00000000080005d8                HAL_MspInit
 .text.HAL_ADC_MspInit
                0x0000000008000608       0x60 Core/Src/stm32f3xx_hal_msp.o
                0x0000000008000608                HAL_ADC_MspInit
 .text.HAL_UART_MspInit
                0x0000000008000668       0x68 Core/Src/stm32f3xx_hal_msp.o
                0x0000000008000668                HAL_UART_MspInit
 .text.NMI_Handler
                0x00000000080006d0        0x4 Core/Src/stm32f3xx_it.o
                0x00000000080006d0                NMI_Handler
 .text.HardFault_Handler
                0x00000000080006d4        0x4 Core/Src/stm32f3xx_it.o
                0x00000000080006d4                HardFault_Handler
 .text.MemManage_Handler
                0x00000000080006d8        0x4 Core/Src/stm32f3xx_it.o
                0x00000000080006d8                MemManage_Handler
 .text.BusFault_Handler
                0x00000000080006dc        0x4 Core/Src/stm32f3xx_it.o
                0x00000000080006dc                BusFault_Handler
 .text.UsageFault_Handler
                0x00000000080006e0        0x4 Core/Src/stm32f3xx_it.o
                0x00000000080006e0                UsageFault_Handler
 .text.SVC_Handler
                0x00000000080006e4        0x4 Core/Src/stm32f3xx_it.o
                0x00000000080006e4                SVC_Handler
 .text.DebugMon_Handler
                0x00000000080006e8        0x4 Core/Src/stm32f3xx_it.o
                0x00000000080006e8                DebugMon_Handler
 .text.PendSV_Handler
                0x00000000080006ec        0x4 Core/Src/stm32f3xx_it.o
                0x00000000080006ec                PendSV_Handler
 .text.SysTick_Handler
                0x00000000080006f0        0x4 Core/Src/stm32f3xx_it.o
                0x00000000080006f0                SysTick_Handler
 .text.SystemInit
                0x00000000080006f4       0x1c Core/Src/system_stm32f3xx.o
                0x00000000080006f4                SystemInit
 .text.Reset_Handler
                0x0000000008000710       0x50 Core/Startup/startup_stm32f303retx.o
                0x0000000008000710                Reset_Handler
 .text.Default_Handler
                0x0000000008000760        0x2 Core/Startup/startup_stm32f303retx.o
                0x0000000008000760                RTC_Alarm_IRQHandler
                0x0000000008000760                TIM8_TRG_COM_IRQHandler
                0x0000000008000760                TIM8_CC_IRQHandler
                0x0000000008000760                SPI4_IRQHandler
                0x0000000008000760                TIM1_CC_IRQHandler
                0x0000000008000760                USB_HP_IRQHandler
                0x0000000008000760                PVD_IRQHandler
                0x0000000008000760                TAMP_STAMP_IRQHandler
                0x0000000008000760                EXTI3_IRQHandler
                0x0000000008000760                I2C3_ER_IRQHandler
                0x0000000008000760                USB_HP_CAN_TX_IRQHandler
                0x0000000008000760                EXTI0_IRQHandler
                0x0000000008000760                I2C2_EV_IRQHandler
                0x0000000008000760                FPU_IRQHandler
                0x0000000008000760                TIM1_UP_TIM16_IRQHandler
                0x0000000008000760                ADC1_2_IRQHandler
                0x0000000008000760                SPI1_IRQHandler
                0x0000000008000760                CAN_SCE_IRQHandler
                0x0000000008000760                TIM6_DAC_IRQHandler
                0x0000000008000760                TIM8_UP_IRQHandler
                0x0000000008000760                DMA2_Channel2_IRQHandler
                0x0000000008000760                DMA1_Channel4_IRQHandler
                0x0000000008000760                TIM20_TRG_COM_IRQHandler
                0x0000000008000760                USART3_IRQHandler
                0x0000000008000760                DMA1_Channel7_IRQHandler
                0x0000000008000760                UART5_IRQHandler
                0x0000000008000760                ADC3_IRQHandler
                0x0000000008000760                TIM4_IRQHandler
                0x0000000008000760                CAN_RX1_IRQHandler
                0x0000000008000760                DMA2_Channel1_IRQHandler
                0x0000000008000760                I2C1_EV_IRQHandler
                0x0000000008000760                DMA1_Channel6_IRQHandler
                0x0000000008000760                UART4_IRQHandler
                0x0000000008000760                DMA2_Channel4_IRQHandler
                0x0000000008000760                TIM3_IRQHandler
                0x0000000008000760                RCC_IRQHandler
                0x0000000008000760                TIM20_UP_IRQHandler
                0x0000000008000760                DMA1_Channel1_IRQHandler
                0x0000000008000760                Default_Handler
                0x0000000008000760                USBWakeUp_RMP_IRQHandler
                0x0000000008000760                EXTI15_10_IRQHandler
                0x0000000008000760                TIM7_IRQHandler
                0x0000000008000760                I2C3_EV_IRQHandler
                0x0000000008000760                EXTI9_5_IRQHandler
                0x0000000008000760                RTC_WKUP_IRQHandler
                0x0000000008000760                SPI2_IRQHandler
                0x0000000008000760                USB_LP_CAN_RX0_IRQHandler
                0x0000000008000760                DMA2_Channel5_IRQHandler
                0x0000000008000760                DMA1_Channel5_IRQHandler
                0x0000000008000760                USB_LP_IRQHandler
                0x0000000008000760                EXTI4_IRQHandler
                0x0000000008000760                TIM1_TRG_COM_TIM17_IRQHandler
                0x0000000008000760                DMA1_Channel3_IRQHandler
                0x0000000008000760                ADC4_IRQHandler
                0x0000000008000760                WWDG_IRQHandler
                0x0000000008000760                TIM2_IRQHandler
                0x0000000008000760                COMP7_IRQHandler
                0x0000000008000760                COMP1_2_3_IRQHandler
                0x0000000008000760                EXTI1_IRQHandler
                0x0000000008000760                USART2_IRQHandler
                0x0000000008000760                COMP4_5_6_IRQHandler
                0x0000000008000760                TIM20_BRK_IRQHandler
                0x0000000008000760                I2C2_ER_IRQHandler
                0x0000000008000760                DMA1_Channel2_IRQHandler
                0x0000000008000760                TIM8_BRK_IRQHandler
                0x0000000008000760                FLASH_IRQHandler
                0x0000000008000760                TIM20_CC_IRQHandler
                0x0000000008000760                USART1_IRQHandler
                0x0000000008000760                SPI3_IRQHandler
                0x0000000008000760                I2C1_ER_IRQHandler
                0x0000000008000760                FMC_IRQHandler
                0x0000000008000760                USBWakeUp_IRQHandler
                0x0000000008000760                DMA2_Channel3_IRQHandler
                0x0000000008000760                EXTI2_TSC_IRQHandler
                0x0000000008000760                TIM1_BRK_TIM15_IRQHandler
 *fill*         0x0000000008000762        0x2 
 .text.HAL_InitTick
                0x0000000008000764       0x48 Drivers/STM32F3xx_HAL_Driver/Src/stm32f3xx_hal.o
                0x0000000008000764                HAL_InitTick
 .text.HAL_Init
                0x00000000080007ac       0x24 Drivers/STM32F3xx_HAL_Driver/Src/stm32f3xx_hal.o
                0x00000000080007ac                HAL_Init
 .text.HAL_IncTick
                0x00000000080007d0       0x18 Drivers/STM32F3xx_HAL_Driver/Src/stm32f3xx_hal.o
                0x00000000080007d0                HAL_IncTick
 .text.HAL_GetTick
                0x00000000080007e8        0xc Drivers/STM32F3xx_HAL_Driver/Src/stm32f3xx_hal.o
                0x00000000080007e8                HAL_GetTick
 .text.HAL_Delay
                0x00000000080007f4       0x24 Drivers/STM32F3xx_HAL_Driver/Src/stm32f3xx_hal.o
                0x00000000080007f4                HAL_Delay
 .text.HAL_ADC_Init
                0x0000000008000818      0x324 Drivers/STM32F3xx_HAL_Driver/Src/stm32f3xx_hal_adc_ex.o
                0x0000000008000818                HAL_ADC_Init
 .text.HAL_ADC_ConfigChannel
                0x0000000008000b3c      0x354 Drivers/STM32F3xx_HAL_Driver/Src/stm32f3xx_hal_adc_ex.o
                0x0000000008000b3c                HAL_ADC_ConfigChannel
 .text.HAL_ADCEx_MultiModeConfigChannel
                0x0000000008000e90      0x11c Drivers/STM32F3xx_HAL_Driver/Src/stm32f3xx_hal_adc_ex.o
                0x0000000008000e90                HAL_ADCEx_MultiModeConfigChannel
 .text.HAL_NVIC_SetPriorityGrouping
                0x0000000008000fac       0x24 Drivers/STM32F3xx_HAL_Driver/Src/stm32f3xx_hal_cortex.o
                0x0000000008000fac                HAL_NVIC_SetPriorityGrouping
 .text.HAL_NVIC_SetPriority
                0x0000000008000fd0       0x6c Drivers/STM32F3xx_HAL_Driver/Src/stm32f3xx_hal_cortex.o
                0x0000000008000fd0                HAL_NVIC_SetPriority
 .text.HAL_SYSTICK_Config
                0x000000000800103c       0x34 Drivers/STM32F3xx_HAL_Driver/Src/stm32f3xx_hal_cortex.o
                0x000000000800103c                HAL_SYSTICK_Config
 .text.HAL_GPIO_Init
                0x0000000008001070      0x1e4 Drivers/STM32F3xx_HAL_Driver/Src/stm32f3xx_hal_gpio.o
                0x0000000008001070                HAL_GPIO_Init
 .text.HAL_RCC_OscConfig
                0x0000000008001254      0x5cc Drivers/STM32F3xx_HAL_Driver/Src/stm32f3xx_hal_rcc.o
                0x0000000008001254                HAL_RCC_OscConfig
 .text.HAL_RCC_ClockConfig
                0x0000000008001820      0x1b4 Drivers/STM32F3xx_HAL_Driver/Src/stm32f3xx_hal_rcc.o
                0x0000000008001820                HAL_RCC_ClockConfig
 .text.HAL_RCC_GetSysClockFreq
                0x00000000080019d4       0x5c Drivers/STM32F3xx_HAL_Driver/Src/stm32f3xx_hal_rcc.o
                0x00000000080019d4                HAL_RCC_GetSysClockFreq
 .text.HAL_RCC_GetPCLK1Freq
                0x0000000008001a30       0x30 Drivers/STM32F3xx_HAL_Driver/Src/stm32f3xx_hal_rcc.o
                0x0000000008001a30                HAL_RCC_GetPCLK1Freq
 .text.HAL_RCC_GetPCLK2Freq
                0x0000000008001a60       0x30 Drivers/STM32F3xx_HAL_Driver/Src/stm32f3xx_hal_rcc.o
                0x0000000008001a60                HAL_RCC_GetPCLK2Freq
 .text.HAL_RCCEx_PeriphCLKConfig
                0x0000000008001a90      0x29c Drivers/STM32F3xx_HAL_Driver/Src/stm32f3xx_hal_rcc_ex.o
                0x0000000008001a90                HAL_RCCEx_PeriphCLKConfig
 .text.UART_AdvFeatureConfig
                0x0000000008001d2c       0xb0 Drivers/STM32F3xx_HAL_Driver/Src/stm32f3xx_hal_uart.o
                0x0000000008001d2c                UART_AdvFeatureConfig
 .text.HAL_UART_Init
                0x0000000008001ddc      0x370 Drivers/STM32F3xx_HAL_Driver/Src/stm32f3xx_hal_uart.o
                0x0000000008001ddc                HAL_UART_Init
 .text.LL_DAC_Init
                0x000000000800214c       0x58 Drivers/STM32F3xx_HAL_Driver/Src/stm32f3xx_ll_dac.o
                0x000000000800214c                LL_DAC_Init
 .text.LL_EXTI_Init
                0x00000000080021a4      0x154 Drivers/STM32F3xx_HAL_Driver/Src/stm32f3xx_ll_exti.o
                0x00000000080021a4                LL_EXTI_Init
 .text.LL_GPIO_Init
                0x00000000080022f8      0x158 Drivers/STM32F3xx_HAL_Driver/Src/stm32f3xx_ll_gpio.o
                0x00000000080022f8                LL_GPIO_Init
 .text.LL_TIM_Init
                0x0000000008002450       0xf4 Drivers/STM32F3xx_HAL_Driver/Src/stm32f3xx_ll_tim.o
                0x0000000008002450                LL_TIM_Init
 .text.__libc_init_array
                0x0000000008002544       0x48 /opt/st/stm32cubeide_1.1.0/plugins/com.st.stm32cube.ide.mcu.externaltools.gnu-tools-for-stm32.7-2018-q2-update.linux64_1.0.0.201904181610/tools/bin/../lib/gcc/arm-none-eabi/7.3.1/../../../../arm-none-eabi/lib/thumb/v7e-m/fpv4-sp/hard/libc_nano.a(lib_a-init.o)
                0x0000000008002544                __libc_init_array
 .text.memset   0x000000000800258c       0x10 /opt/st/stm32cubeide_1.1.0/plugins/com.st.stm32cube.ide.mcu.externaltools.gnu-tools-for-stm32.7-2018-q2-update.linux64_1.0.0.201904181610/tools/bin/../lib/gcc/arm-none-eabi/7.3.1/../../../../arm-none-eabi/lib/thumb/v7e-m/fpv4-sp/hard/libc_nano.a(lib_a-memset.o)
                0x000000000800258c                memset
 *(.glue_7)
 .glue_7        0x000000000800259c        0x0 linker stubs
 *(.glue_7t)
 .glue_7t       0x000000000800259c        0x0 linker stubs
 *(.eh_frame)
 .eh_frame      0x000000000800259c        0x0 /opt/st/stm32cubeide_1.1.0/plugins/com.st.stm32cube.ide.mcu.externaltools.gnu-tools-for-stm32.7-2018-q2-update.linux64_1.0.0.201904181610/tools/bin/../lib/gcc/arm-none-eabi/7.3.1/thumb/v7e-m/fpv4-sp/hard/crtbegin.o
 *(.init)
 .init          0x000000000800259c        0x4 /opt/st/stm32cubeide_1.1.0/plugins/com.st.stm32cube.ide.mcu.externaltools.gnu-tools-for-stm32.7-2018-q2-update.linux64_1.0.0.201904181610/tools/bin/../lib/gcc/arm-none-eabi/7.3.1/thumb/v7e-m/fpv4-sp/hard/crti.o
                0x000000000800259c                _init
 .init          0x00000000080025a0        0x8 /opt/st/stm32cubeide_1.1.0/plugins/com.st.stm32cube.ide.mcu.externaltools.gnu-tools-for-stm32.7-2018-q2-update.linux64_1.0.0.201904181610/tools/bin/../lib/gcc/arm-none-eabi/7.3.1/thumb/v7e-m/fpv4-sp/hard/crtn.o
 *(.fini)
 .fini          0x00000000080025a8        0x4 /opt/st/stm32cubeide_1.1.0/plugins/com.st.stm32cube.ide.mcu.externaltools.gnu-tools-for-stm32.7-2018-q2-update.linux64_1.0.0.201904181610/tools/bin/../lib/gcc/arm-none-eabi/7.3.1/thumb/v7e-m/fpv4-sp/hard/crti.o
                0x00000000080025a8                _fini
 .fini          0x00000000080025ac        0x8 /opt/st/stm32cubeide_1.1.0/plugins/com.st.stm32cube.ide.mcu.externaltools.gnu-tools-for-stm32.7-2018-q2-update.linux64_1.0.0.201904181610/tools/bin/../lib/gcc/arm-none-eabi/7.3.1/thumb/v7e-m/fpv4-sp/hard/crtn.o
                0x00000000080025b4                . = ALIGN (0x4)
                0x00000000080025b4                _etext = .

.vfp11_veneer   0x00000000080025b4        0x0
 .vfp11_veneer  0x00000000080025b4        0x0 linker stubs

.v4_bx          0x00000000080025b4        0x0
 .v4_bx         0x00000000080025b4        0x0 linker stubs

.iplt           0x00000000080025b4        0x0
 .iplt          0x00000000080025b4        0x0 /opt/st/stm32cubeide_1.1.0/plugins/com.st.stm32cube.ide.mcu.externaltools.gnu-tools-for-stm32.7-2018-q2-update.linux64_1.0.0.201904181610/tools/bin/../lib/gcc/arm-none-eabi/7.3.1/thumb/v7e-m/fpv4-sp/hard/crtbegin.o

.rodata         0x00000000080025b4      0x23c
                0x00000000080025b4                . = ALIGN (0x4)
 *(.rodata)
 *(.rodata*)
 .rodata.sine_table
                0x00000000080025b4      0x200 Core/Src/main.o
                0x00000000080025b4                sine_table
 .rodata.AHBPrescTable
                0x00000000080027b4       0x10 Core/Src/system_stm32f3xx.o
                0x00000000080027b4                AHBPrescTable
 .rodata.APBPrescTable
                0x00000000080027c4        0x8 Core/Src/system_stm32f3xx.o
                0x00000000080027c4                APBPrescTable
 .rodata.aPLLMULFactorTable
                0x00000000080027cc       0x10 Drivers/STM32F3xx_HAL_Driver/Src/stm32f3xx_hal_rcc.o
                0x00000000080027cc                aPLLMULFactorTable
 .rodata.aPredivFactorTable
                0x00000000080027dc       0x10 Drivers/STM32F3xx_HAL_Driver/Src/stm32f3xx_hal_rcc.o
                0x00000000080027dc                aPredivFactorTable
 .rodata.CSWTCH.52
                0x00000000080027ec        0x4 Drivers/STM32F3xx_HAL_Driver/Src/stm32f3xx_hal_uart.o
                0x00000000080027f0                . = ALIGN (0x4)

.rel.dyn        0x00000000080027f0        0x0
 .rel.iplt      0x00000000080027f0        0x0 /opt/st/stm32cubeide_1.1.0/plugins/com.st.stm32cube.ide.mcu.externaltools.gnu-tools-for-stm32.7-2018-q2-update.linux64_1.0.0.201904181610/tools/bin/../lib/gcc/arm-none-eabi/7.3.1/thumb/v7e-m/fpv4-sp/hard/crtbegin.o

.ARM.extab      0x00000000080027f0        0x0
                0x00000000080027f0                . = ALIGN (0x4)
 *(.ARM.extab* .gnu.linkonce.armextab.*)
                0x00000000080027f0                . = ALIGN (0x4)

.ARM            0x00000000080027f0        0x0
                0x00000000080027f0                . = ALIGN (0x4)
                0x00000000080027f0                __exidx_start = .
 *(.ARM.exidx*)
                0x00000000080027f0                __exidx_end = .
                0x00000000080027f0                . = ALIGN (0x4)

.preinit_array  0x00000000080027f0        0x0
                0x00000000080027f0                . = ALIGN (0x4)
                0x00000000080027f0                PROVIDE (__preinit_array_start = .)
 *(.preinit_array*)
                0x00000000080027f0                PROVIDE (__preinit_array_end = .)
                0x00000000080027f0                . = ALIGN (0x4)

.init_array     0x00000000080027f0        0x4
                0x00000000080027f0                . = ALIGN (0x4)
                0x00000000080027f0                PROVIDE (__init_array_start = .)
 *(SORT_BY_NAME(.init_array.*))
 *(.init_array*)
 .init_array    0x00000000080027f0        0x4 /opt/st/stm32cubeide_1.1.0/plugins/com.st.stm32cube.ide.mcu.externaltools.gnu-tools-for-stm32.7-2018-q2-update.linux64_1.0.0.201904181610/tools/bin/../lib/gcc/arm-none-eabi/7.3.1/thumb/v7e-m/fpv4-sp/hard/crtbegin.o
                0x00000000080027f4                PROVIDE (__init_array_end = .)
                0x00000000080027f4                . = ALIGN (0x4)

.fini_array     0x00000000080027f4        0x4
                0x00000000080027f4                . = ALIGN (0x4)
                [!provide]                        PROVIDE (__fini_array_start = .)
 *(SORT_BY_NAME(.fini_array.*))
 *(.fini_array*)
 .fini_array    0x00000000080027f4        0x4 /opt/st/stm32cubeide_1.1.0/plugins/com.st.stm32cube.ide.mcu.externaltools.gnu-tools-for-stm32.7-2018-q2-update.linux64_1.0.0.201904181610/tools/bin/../lib/gcc/arm-none-eabi/7.3.1/thumb/v7e-m/fpv4-sp/hard/crtbegin.o
                [!provide]                        PROVIDE (__fini_array_end = .)
                0x00000000080027f8                . = ALIGN (0x4)
                0x00000000080027f8                _sidata = LOADADDR (.data)

.data           0x0000000020000000        0xc load address 0x00000000080027f8
                0x0000000020000000                . = ALIGN (0x4)
                0x0000000020000000                _sdata = .
 *(.data)
 *(.data*)
 .data.SystemCoreClock
                0x0000000020000000        0x4 Core/Src/system_stm32f3xx.o
                0x0000000020000000                SystemCoreClock
 .data.uwTickFreq
                0x0000000020000004        0x1 Drivers/STM32F3xx_HAL_Driver/Src/stm32f3xx_hal.o
                0x0000000020000004                uwTickFreq
 *fill*         0x0000000020000005        0x3 
 .data.uwTickPrio
                0x0000000020000008        0x4 Drivers/STM32F3xx_HAL_Driver/Src/stm32f3xx_hal.o
                0x0000000020000008                uwTickPrio
                0x000000002000000c                . = ALIGN (0x4)
                0x000000002000000c                _edata = .

.igot.plt       0x000000002000000c        0x0 load address 0x0000000008002804
 .igot.plt      0x000000002000000c        0x0 /opt/st/stm32cubeide_1.1.0/plugins/com.st.stm32cube.ide.mcu.externaltools.gnu-tools-for-stm32.7-2018-q2-update.linux64_1.0.0.201904181610/tools/bin/../lib/gcc/arm-none-eabi/7.3.1/thumb/v7e-m/fpv4-sp/hard/crtbegin.o
                0x000000002000000c                . = ALIGN (0x4)

.bss            0x000000002000000c       0xf0 load address 0x0000000008002804
                0x000000002000000c                _sbss = .
                0x000000002000000c                __bss_start__ = _sbss
 *(.bss)
 .bss           0x000000002000000c       0x1c /opt/st/stm32cubeide_1.1.0/plugins/com.st.stm32cube.ide.mcu.externaltools.gnu-tools-for-stm32.7-2018-q2-update.linux64_1.0.0.201904181610/tools/bin/../lib/gcc/arm-none-eabi/7.3.1/thumb/v7e-m/fpv4-sp/hard/crtbegin.o
 *(.bss*)
 *(COMMON)
 COMMON         0x0000000020000028       0xd0 Core/Src/main.o
                0x0000000020000028                hadc1
                0x0000000020000078                huart2
 COMMON         0x00000000200000f8        0x4 Drivers/STM32F3xx_HAL_Driver/Src/stm32f3xx_hal.o
                0x00000000200000f8                uwTick
                0x00000000200000fc                . = ALIGN (0x4)
                0x00000000200000fc                _ebss = .
                0x00000000200000fc                __bss_end__ = _ebss

._user_heap_stack
                0x00000000200000fc      0x604 load address 0x0000000008002804
                0x0000000020000100                . = ALIGN (0x8)
 *fill*         0x00000000200000fc        0x4 
                0x0000000020000100                PROVIDE (end = .)
                [!provide]                        PROVIDE (_end = .)
                0x0000000020000300                . = (. + _Min_Heap_Size)
 *fill*         0x0000000020000100      0x200 
                0x0000000020000700                . = (. + _Min_Stack_Size)
 *fill*         0x0000000020000300      0x400 
                0x0000000020000700                . = ALIGN (0x8)

/DISCARD/
 libc.a(*)
 libm.a(*)
 libgcc.a(*)

.ARM.attributes
                0x0000000000000000       0x30
 *(.ARM.attributes)
 .ARM.attributes
                0x0000000000000000       0x22 /opt/st/stm32cubeide_1.1.0/plugins/com.st.stm32cube.ide.mcu.externaltools.gnu-tools-for-stm32.7-2018-q2-update.linux64_1.0.0.201904181610/tools/bin/../lib/gcc/arm-none-eabi/7.3.1/thumb/v7e-m/fpv4-sp/hard/crti.o
 .ARM.attributes
                0x0000000000000022       0x34 /opt/st/stm32cubeide_1.1.0/plugins/com.st.stm32cube.ide.mcu.externaltools.gnu-tools-for-stm32.7-2018-q2-update.linux64_1.0.0.201904181610/tools/bin/../lib/gcc/arm-none-eabi/7.3.1/thumb/v7e-m/fpv4-sp/hard/crtbegin.o
 .ARM.attributes
                0x0000000000000056       0x35 Core/Src/main.o
 .ARM.attributes
                0x000000000000008b       0x35 Core/Src/stm32f3xx_hal_msp.o
 .ARM.attributes
                0x00000000000000c0       0x35 Core/Src/stm32f3xx_it.o
 .ARM.attributes
                0x00000000000000f5       0x35 Core/Src/system_stm32f3xx.o
 .ARM.attributes
                0x000000000000012a       0x21 Core/Startup/startup_stm32f303retx.o
 .ARM.attributes
                0x000000000000014b       0x35 Drivers/STM32F3xx_HAL_Driver/Src/stm32f3xx_hal.o
 .ARM.attributes
                0x0000000000000180       0x35 Drivers/STM32F3xx_HAL_Driver/Src/stm32f3xx_hal_adc_ex.o
 .ARM.attributes
                0x00000000000001b5       0x35 Drivers/STM32F3xx_HAL_Driver/Src/stm32f3xx_hal_cortex.o
 .ARM.attributes
                0x00000000000001ea       0x35 Drivers/STM32F3xx_HAL_Driver/Src/stm32f3xx_hal_gpio.o
 .ARM.attributes
                0x000000000000021f       0x35 Drivers/STM32F3xx_HAL_Driver/Src/stm32f3xx_hal_rcc.o
 .ARM.attributes
                0x0000000000000254       0x35 Drivers/STM32F3xx_HAL_Driver/Src/stm32f3xx_hal_rcc_ex.o
 .ARM.attributes
                0x0000000000000289       0x35 Drivers/STM32F3xx_HAL_Driver/Src/stm32f3xx_hal_uart.o
 .ARM.attributes
                0x00000000000002be       0x35 Drivers/STM32F3xx_HAL_Driver/Src/stm32f3xx_ll_dac.o
 .ARM.attributes
                0x00000000000002f3       0x35 Drivers/STM32F3xx_HAL_Driver/Src/stm32f3xx_ll_exti.o
 .ARM.attributes
                0x0000000000000328       0x35 Drivers/STM32F3xx_HAL_Driver/Src/stm32f3xx_ll_gpio.o
 .ARM.attributes
                0x000000000000035d       0x35 Drivers/STM32F3xx_HAL_Driver/Src/stm32f3xx_ll_tim.o
 .ARM.attributes
                0x0000000000000392       0x34 /opt/st/stm32cubeide_1.1.0/plugins/com.st.stm32cube.ide.mcu.externaltools.gnu-tools-for-stm32.7-2018-q2-update.linux64_1.0.0.201904181610/tools/bin/../lib/gcc/arm-none-eabi/7.3.1/../../../../arm-none-eabi/lib/thumb/v7e-m/fpv4-sp/hard/libc_nano.a(lib_a-init.o)
 .ARM.attributes
                0x00000000000003c6       0x34 /opt/st/stm32cubeide_1.1.0/plugins/com.st.stm32cube.ide.mcu.externaltools.gnu-tools-for-stm32.7-2018-q2-update.linux64_1.0.0.201904181610/tools/bin/../lib/gcc/arm-none-eabi/7.3.1/../../../../arm-none-eabi/lib/thumb/v7e-m/fpv4-sp/hard/libc_nano.a(lib_a-memset.o)
 .ARM.attributes
                0x00000000000003fa       0x22 /opt/st/stm32cubeide_1.1.0/plugins/com.st.stm32cube.ide.mcu.externaltools.gnu-tools-for-stm32.7-2018-q2-update.linux64_1.0.0.201904181610/tools/bin/../lib/gcc/arm-none-eabi/7.3.1/thumb/v7e-m/fpv4-sp/hard/crtn.o
OUTPUT(simple_dsp.elf elf32-littlearm)

.debug_info     0x0000000000000000     0xea1f
 .debug_info    0x0000000000000000     0x1fe7 Core/Src/main.o
 .debug_info    0x0000000000001fe7      0xe11 Core/Src/stm32f3xx_hal_msp.o
 .debug_info    0x0000000000002df8      0x2b5 Core/Src/stm32f3xx_it.o
 .debug_info    0x00000000000030ad      0x460 Core/Src/system_stm32f3xx.o
 .debug_info    0x000000000000350d       0x22 Core/Startup/startup_stm32f303retx.o
 .debug_info    0x000000000000352f      0x8e6 Drivers/STM32F3xx_HAL_Driver/Src/stm32f3xx_hal.o
 .debug_info    0x0000000000003e15     0x26ec Drivers/STM32F3xx_HAL_Driver/Src/stm32f3xx_hal_adc_ex.o
 .debug_info    0x0000000000006501      0xf2c Drivers/STM32F3xx_HAL_Driver/Src/stm32f3xx_hal_cortex.o
 .debug_info    0x000000000000742d      0x7c2 Drivers/STM32F3xx_HAL_Driver/Src/stm32f3xx_hal_gpio.o
 .debug_info    0x0000000000007bef     0x14d1 Drivers/STM32F3xx_HAL_Driver/Src/stm32f3xx_hal_rcc.o
 .debug_info    0x00000000000090c0      0x89c Drivers/STM32F3xx_HAL_Driver/Src/stm32f3xx_hal_rcc_ex.o
 .debug_info    0x000000000000995c     0x2509 Drivers/STM32F3xx_HAL_Driver/Src/stm32f3xx_hal_uart.o
 .debug_info    0x000000000000be65      0x4c7 Drivers/STM32F3xx_HAL_Driver/Src/stm32f3xx_ll_dac.o
 .debug_info    0x000000000000c32c      0x789 Drivers/STM32F3xx_HAL_Driver/Src/stm32f3xx_ll_exti.o
 .debug_info    0x000000000000cab5      0xa80 Drivers/STM32F3xx_HAL_Driver/Src/stm32f3xx_ll_gpio.o
 .debug_info    0x000000000000d535     0x14ea Drivers/STM32F3xx_HAL_Driver/Src/stm32f3xx_ll_tim.o

.debug_abbrev   0x0000000000000000     0x2321
 .debug_abbrev  0x0000000000000000      0x302 Core/Src/main.o
 .debug_abbrev  0x0000000000000302      0x1c8 Core/Src/stm32f3xx_hal_msp.o
 .debug_abbrev  0x00000000000004ca      0x126 Core/Src/stm32f3xx_it.o
 .debug_abbrev  0x00000000000005f0      0x12b Core/Src/system_stm32f3xx.o
 .debug_abbrev  0x000000000000071b       0x12 Core/Startup/startup_stm32f303retx.o
 .debug_abbrev  0x000000000000072d      0x240 Drivers/STM32F3xx_HAL_Driver/Src/stm32f3xx_hal.o
 .debug_abbrev  0x000000000000096d      0x36d Drivers/STM32F3xx_HAL_Driver/Src/stm32f3xx_hal_adc_ex.o
 .debug_abbrev  0x0000000000000cda      0x320 Drivers/STM32F3xx_HAL_Driver/Src/stm32f3xx_hal_cortex.o
 .debug_abbrev  0x0000000000000ffa      0x1fa Drivers/STM32F3xx_HAL_Driver/Src/stm32f3xx_hal_gpio.o
 .debug_abbrev  0x00000000000011f4      0x318 Drivers/STM32F3xx_HAL_Driver/Src/stm32f3xx_hal_rcc.o
 .debug_abbrev  0x000000000000150c      0x268 Drivers/STM32F3xx_HAL_Driver/Src/stm32f3xx_hal_rcc_ex.o
 .debug_abbrev  0x0000000000001774      0x369 Drivers/STM32F3xx_HAL_Driver/Src/stm32f3xx_hal_uart.o
 .debug_abbrev  0x0000000000001add      0x1ae Drivers/STM32F3xx_HAL_Driver/Src/stm32f3xx_ll_dac.o
 .debug_abbrev  0x0000000000001c8b      0x1ef Drivers/STM32F3xx_HAL_Driver/Src/stm32f3xx_ll_exti.o
 .debug_abbrev  0x0000000000001e7a      0x237 Drivers/STM32F3xx_HAL_Driver/Src/stm32f3xx_ll_gpio.o
 .debug_abbrev  0x00000000000020b1      0x270 Drivers/STM32F3xx_HAL_Driver/Src/stm32f3xx_ll_tim.o

.debug_loc      0x0000000000000000     0x957b
 .debug_loc     0x0000000000000000      0x45f Core/Src/main.o
 .debug_loc     0x000000000000045f       0x84 Core/Src/stm32f3xx_hal_msp.o
 .debug_loc     0x00000000000004e3       0xf5 Core/Src/system_stm32f3xx.o
 .debug_loc     0x00000000000005d8      0x12f Drivers/STM32F3xx_HAL_Driver/Src/stm32f3xx_hal.o
 .debug_loc     0x0000000000000707     0x36d8 Drivers/STM32F3xx_HAL_Driver/Src/stm32f3xx_hal_adc_ex.o
 .debug_loc     0x0000000000003ddf      0x5c9 Drivers/STM32F3xx_HAL_Driver/Src/stm32f3xx_hal_cortex.o
 .debug_loc     0x00000000000043a8      0x3b9 Drivers/STM32F3xx_HAL_Driver/Src/stm32f3xx_hal_gpio.o
 .debug_loc     0x0000000000004761      0xb07 Drivers/STM32F3xx_HAL_Driver/Src/stm32f3xx_hal_rcc.o
 .debug_loc     0x0000000000005268      0x803 Drivers/STM32F3xx_HAL_Driver/Src/stm32f3xx_hal_rcc_ex.o
 .debug_loc     0x0000000000005a6b     0x20a3 Drivers/STM32F3xx_HAL_Driver/Src/stm32f3xx_hal_uart.o
 .debug_loc     0x0000000000007b0e      0x14c Drivers/STM32F3xx_HAL_Driver/Src/stm32f3xx_ll_dac.o
 .debug_loc     0x0000000000007c5a       0xe4 Drivers/STM32F3xx_HAL_Driver/Src/stm32f3xx_ll_exti.o
 .debug_loc     0x0000000000007d3e      0x5b2 Drivers/STM32F3xx_HAL_Driver/Src/stm32f3xx_ll_gpio.o
 .debug_loc     0x00000000000082f0     0x128b Drivers/STM32F3xx_HAL_Driver/Src/stm32f3xx_ll_tim.o

.debug_aranges  0x0000000000000000      0x790
 .debug_aranges
                0x0000000000000000       0x30 Core/Src/main.o
 .debug_aranges
                0x0000000000000030       0x40 Core/Src/stm32f3xx_hal_msp.o
 .debug_aranges
                0x0000000000000070       0x48 Core/Src/stm32f3xx_it.o
 .debug_aranges
                0x00000000000000b8       0x28 Core/Src/system_stm32f3xx.o
 .debug_aranges
                0x00000000000000e0       0x28 Core/Startup/startup_stm32f303retx.o
 .debug_aranges
                0x0000000000000108       0xd8 Drivers/STM32F3xx_HAL_Driver/Src/stm32f3xx_hal.o
 .debug_aranges
                0x00000000000001e0      0x138 Drivers/STM32F3xx_HAL_Driver/Src/stm32f3xx_hal_adc_ex.o
 .debug_aranges
                0x0000000000000318       0xa8 Drivers/STM32F3xx_HAL_Driver/Src/stm32f3xx_hal_cortex.o
 .debug_aranges
                0x00000000000003c0       0x58 Drivers/STM32F3xx_HAL_Driver/Src/stm32f3xx_hal_gpio.o
 .debug_aranges
                0x0000000000000418       0x88 Drivers/STM32F3xx_HAL_Driver/Src/stm32f3xx_hal_rcc.o
 .debug_aranges
                0x00000000000004a0       0x30 Drivers/STM32F3xx_HAL_Driver/Src/stm32f3xx_hal_rcc_ex.o
 .debug_aranges
                0x00000000000004d0      0x1b0 Drivers/STM32F3xx_HAL_Driver/Src/stm32f3xx_hal_uart.o
 .debug_aranges
                0x0000000000000680       0x30 Drivers/STM32F3xx_HAL_Driver/Src/stm32f3xx_ll_dac.o
 .debug_aranges
                0x00000000000006b0       0x30 Drivers/STM32F3xx_HAL_Driver/Src/stm32f3xx_ll_exti.o
 .debug_aranges
                0x00000000000006e0       0x30 Drivers/STM32F3xx_HAL_Driver/Src/stm32f3xx_ll_gpio.o
 .debug_aranges
                0x0000000000000710       0x80 Drivers/STM32F3xx_HAL_Driver/Src/stm32f3xx_ll_tim.o

.debug_ranges   0x0000000000000000     0x1c90
 .debug_ranges  0x0000000000000000      0x258 Core/Src/main.o
 .debug_ranges  0x0000000000000258       0xa8 Core/Src/stm32f3xx_hal_msp.o
 .debug_ranges  0x0000000000000300       0x38 Core/Src/stm32f3xx_it.o
 .debug_ranges  0x0000000000000338       0x18 Core/Src/system_stm32f3xx.o
 .debug_ranges  0x0000000000000350       0x20 Core/Startup/startup_stm32f303retx.o
 .debug_ranges  0x0000000000000370       0xc8 Drivers/STM32F3xx_HAL_Driver/Src/stm32f3xx_hal.o
 .debug_ranges  0x0000000000000438      0x728 Drivers/STM32F3xx_HAL_Driver/Src/stm32f3xx_hal_adc_ex.o
 .debug_ranges  0x0000000000000b60      0x138 Drivers/STM32F3xx_HAL_Driver/Src/stm32f3xx_hal_cortex.o
 .debug_ranges  0x0000000000000c98       0x60 Drivers/STM32F3xx_HAL_Driver/Src/stm32f3xx_hal_gpio.o
 .debug_ranges  0x0000000000000cf8      0x2b8 Drivers/STM32F3xx_HAL_Driver/Src/stm32f3xx_hal_rcc.o
 .debug_ranges  0x0000000000000fb0       0xd8 Drivers/STM32F3xx_HAL_Driver/Src/stm32f3xx_hal_rcc_ex.o
 .debug_ranges  0x0000000000001088      0x7e0 Drivers/STM32F3xx_HAL_Driver/Src/stm32f3xx_hal_uart.o
 .debug_ranges  0x0000000000001868       0x20 Drivers/STM32F3xx_HAL_Driver/Src/stm32f3xx_ll_dac.o
 .debug_ranges  0x0000000000001888       0x38 Drivers/STM32F3xx_HAL_Driver/Src/stm32f3xx_ll_exti.o
 .debug_ranges  0x00000000000018c0      0x138 Drivers/STM32F3xx_HAL_Driver/Src/stm32f3xx_ll_gpio.o
 .debug_ranges  0x00000000000019f8      0x298 Drivers/STM32F3xx_HAL_Driver/Src/stm32f3xx_ll_tim.o

.debug_macro    0x0000000000000000    0x1f802
 .debug_macro   0x0000000000000000      0x245 Core/Src/main.o
 .debug_macro   0x0000000000000245      0xa6c Core/Src/main.o
 .debug_macro   0x0000000000000cb1      0x157 Core/Src/main.o
 .debug_macro   0x0000000000000e08       0x2e Core/Src/main.o
 .debug_macro   0x0000000000000e36       0x28 Core/Src/main.o
 .debug_macro   0x0000000000000e5e       0x22 Core/Src/main.o
 .debug_macro   0x0000000000000e80       0x8e Core/Src/main.o
 .debug_macro   0x0000000000000f0e       0x51 Core/Src/main.o
 .debug_macro   0x0000000000000f5f       0xef Core/Src/main.o
 .debug_macro   0x000000000000104e       0x6a Core/Src/main.o
 .debug_macro   0x00000000000010b8      0x1df Core/Src/main.o
 .debug_macro   0x0000000000001297       0x1c Core/Src/main.o
 .debug_macro   0x00000000000012b3       0x22 Core/Src/main.o
 .debug_macro   0x00000000000012d5       0xdf Core/Src/main.o
 .debug_macro   0x00000000000013b4     0x102d Core/Src/main.o
 .debug_macro   0x00000000000023e1      0x11f Core/Src/main.o
 .debug_macro   0x0000000000002500    0x15353 Core/Src/main.o
 .debug_macro   0x0000000000017853       0x43 Core/Src/main.o
 .debug_macro   0x0000000000017896      0x174 Core/Src/main.o
 .debug_macro   0x0000000000017a0a       0x53 Core/Src/main.o
 .debug_macro   0x0000000000017a5d      0x954 Core/Src/main.o
 .debug_macro   0x00000000000183b1      0x84a Core/Src/main.o
 .debug_macro   0x0000000000018bfb      0x12f Core/Src/main.o
 .debug_macro   0x0000000000018d2a      0x23a Core/Src/main.o
 .debug_macro   0x0000000000018f64      0x1ea Core/Src/main.o
 .debug_macro   0x000000000001914e      0x1bc Core/Src/main.o
 .debug_macro   0x000000000001930a       0x30 Core/Src/main.o
 .debug_macro   0x000000000001933a       0x3c Core/Src/main.o
 .debug_macro   0x0000000000019376      0x236 Core/Src/main.o
 .debug_macro   0x00000000000195ac      0x9fe Core/Src/main.o
 .debug_macro   0x0000000000019faa       0x77 Core/Src/main.o
 .debug_macro   0x000000000001a021       0xc5 Core/Src/main.o
 .debug_macro   0x000000000001a0e6      0x21d Core/Src/main.o
 .debug_macro   0x000000000001a303      0x22c Core/Src/main.o
 .debug_macro   0x000000000001a52f       0x58 Core/Src/main.o
 .debug_macro   0x000000000001a587       0xa5 Core/Src/main.o
 .debug_macro   0x000000000001a62c       0x81 Core/Src/main.o
 .debug_macro   0x000000000001a6ad       0xd3 Core/Src/main.o
 .debug_macro   0x000000000001a780      0x589 Core/Src/main.o
 .debug_macro   0x000000000001ad09       0x44 Core/Src/main.o
 .debug_macro   0x000000000001ad4d      0x347 Core/Src/main.o
 .debug_macro   0x000000000001b094      0x22f Core/Src/main.o
 .debug_macro   0x000000000001b2c3      0x287 Core/Src/main.o
 .debug_macro   0x000000000001b54a      0x880 Core/Src/main.o
 .debug_macro   0x000000000001bdca      0x39f Core/Src/main.o
 .debug_macro   0x000000000001c169      0x142 Core/Src/main.o
 .debug_macro   0x000000000001c2ab      0x148 Core/Src/main.o
 .debug_macro   0x000000000001c3f3      0x14a Core/Src/main.o
 .debug_macro   0x000000000001c53d      0x1a8 Core/Src/main.o
 .debug_macro   0x000000000001c6e5      0x627 Core/Src/main.o
 .debug_macro   0x000000000001cd0c       0x30 Core/Src/main.o
 .debug_macro   0x000000000001cd3c       0xae Core/Src/main.o
 .debug_macro   0x000000000001cdea       0x58 Core/Src/main.o
 .debug_macro   0x000000000001ce42      0x245 Core/Src/stm32f3xx_hal_msp.o
 .debug_macro   0x000000000001d087      0x24f Core/Src/stm32f3xx_it.o
 .debug_macro   0x000000000001d2d6      0x1d9 Core/Src/system_stm32f3xx.o
 .debug_macro   0x000000000001d4af      0x1f7 Drivers/STM32F3xx_HAL_Driver/Src/stm32f3xx_hal.o
 .debug_macro   0x000000000001d6a6      0x1fd Drivers/STM32F3xx_HAL_Driver/Src/stm32f3xx_hal_adc_ex.o
 .debug_macro   0x000000000001d8a3      0x1d3 Drivers/STM32F3xx_HAL_Driver/Src/stm32f3xx_hal_cortex.o
 .debug_macro   0x000000000001da76      0x20b Drivers/STM32F3xx_HAL_Driver/Src/stm32f3xx_hal_gpio.o
 .debug_macro   0x000000000001dc81      0x1f7 Drivers/STM32F3xx_HAL_Driver/Src/stm32f3xx_hal_rcc.o
 .debug_macro   0x000000000001de78      0x1d3 Drivers/STM32F3xx_HAL_Driver/Src/stm32f3xx_hal_rcc_ex.o
 .debug_macro   0x000000000001e04b      0x1f0 Drivers/STM32F3xx_HAL_Driver/Src/stm32f3xx_hal_uart.o
 .debug_macro   0x000000000001e23b      0x212 Drivers/STM32F3xx_HAL_Driver/Src/stm32f3xx_ll_dac.o
 .debug_macro   0x000000000001e44d      0x229 Drivers/STM32F3xx_HAL_Driver/Src/stm32f3xx_ll_dac.o
 .debug_macro   0x000000000001e676      0x200 Drivers/STM32F3xx_HAL_Driver/Src/stm32f3xx_ll_exti.o
 .debug_macro   0x000000000001e876      0x142 Drivers/STM32F3xx_HAL_Driver/Src/stm32f3xx_ll_exti.o
 .debug_macro   0x000000000001e9b8      0x215 Drivers/STM32F3xx_HAL_Driver/Src/stm32f3xx_ll_gpio.o
 .debug_macro   0x000000000001ebcd      0x13c Drivers/STM32F3xx_HAL_Driver/Src/stm32f3xx_ll_gpio.o
 .debug_macro   0x000000000001ed09      0x27f Drivers/STM32F3xx_HAL_Driver/Src/stm32f3xx_ll_tim.o
 .debug_macro   0x000000000001ef88      0x87a Drivers/STM32F3xx_HAL_Driver/Src/stm32f3xx_ll_tim.o

.debug_line     0x0000000000000000     0xac70
 .debug_line    0x0000000000000000      0x9de Core/Src/main.o
 .debug_line    0x00000000000009de      0x811 Core/Src/stm32f3xx_hal_msp.o
 .debug_line    0x00000000000011ef      0x7df Core/Src/stm32f3xx_it.o
 .debug_line    0x00000000000019ce      0x6a3 Core/Src/system_stm32f3xx.o
 .debug_line    0x0000000000002071       0x85 Core/Startup/startup_stm32f303retx.o
 .debug_line    0x00000000000020f6      0x85c Drivers/STM32F3xx_HAL_Driver/Src/stm32f3xx_hal.o
 .debug_line    0x0000000000002952     0x1dea Drivers/STM32F3xx_HAL_Driver/Src/stm32f3xx_hal_adc_ex.o
 .debug_line    0x000000000000473c      0x8f9 Drivers/STM32F3xx_HAL_Driver/Src/stm32f3xx_hal_cortex.o
 .debug_line    0x0000000000005035      0x857 Drivers/STM32F3xx_HAL_Driver/Src/stm32f3xx_hal_gpio.o
 .debug_line    0x000000000000588c      0xd18 Drivers/STM32F3xx_HAL_Driver/Src/stm32f3xx_hal_rcc.o
 .debug_line    0x00000000000065a4      0x9a9 Drivers/STM32F3xx_HAL_Driver/Src/stm32f3xx_hal_rcc_ex.o
 .debug_line    0x0000000000006f4d     0x197d Drivers/STM32F3xx_HAL_Driver/Src/stm32f3xx_hal_uart.o
 .debug_line    0x00000000000088ca      0x710 Drivers/STM32F3xx_HAL_Driver/Src/stm32f3xx_ll_dac.o
 .debug_line    0x0000000000008fda      0x7ac Drivers/STM32F3xx_HAL_Driver/Src/stm32f3xx_ll_exti.o
 .debug_line    0x0000000000009786      0x88f Drivers/STM32F3xx_HAL_Driver/Src/stm32f3xx_ll_gpio.o
 .debug_line    0x000000000000a015      0xc5b Drivers/STM32F3xx_HAL_Driver/Src/stm32f3xx_ll_tim.o

.debug_str      0x0000000000000000    0xbdf16
 .debug_str     0x0000000000000000    0xb899f Core/Src/main.o
                                      0xb935a (size before relaxing)
 .debug_str     0x00000000000b899f       0x9b Core/Src/stm32f3xx_hal_msp.o
                                      0xb8a07 (size before relaxing)
 .debug_str     0x00000000000b8a3a       0xc9 Core/Src/stm32f3xx_it.o
                                      0xb834d (size before relaxing)
 .debug_str     0x00000000000b8b03       0xc7 Core/Src/system_stm32f3xx.o
                                      0xa91d2 (size before relaxing)
 .debug_str     0x00000000000b8bca       0x36 Core/Startup/startup_stm32f303retx.o
                                         0x6d (size before relaxing)
 .debug_str     0x00000000000b8c00      0x766 Drivers/STM32F3xx_HAL_Driver/Src/stm32f3xx_hal.o
                                      0xa9a0a (size before relaxing)
 .debug_str     0x00000000000b9366      0x86a Drivers/STM32F3xx_HAL_Driver/Src/stm32f3xx_hal_adc_ex.o
                                      0xa9ee8 (size before relaxing)
 .debug_str     0x00000000000b9bd0      0x363 Drivers/STM32F3xx_HAL_Driver/Src/stm32f3xx_hal_cortex.o
                                      0xa9ad3 (size before relaxing)
 .debug_str     0x00000000000b9f33      0x200 Drivers/STM32F3xx_HAL_Driver/Src/stm32f3xx_hal_gpio.o
                                      0xa949c (size before relaxing)
 .debug_str     0x00000000000ba133      0x2e3 Drivers/STM32F3xx_HAL_Driver/Src/stm32f3xx_hal_rcc.o
                                      0xa9657 (size before relaxing)
 .debug_str     0x00000000000ba416       0xbe Drivers/STM32F3xx_HAL_Driver/Src/stm32f3xx_hal_rcc_ex.o
                                      0xa94c8 (size before relaxing)
 .debug_str     0x00000000000ba4d4      0x833 Drivers/STM32F3xx_HAL_Driver/Src/stm32f3xx_hal_uart.o
                                      0xa9e35 (size before relaxing)
 .debug_str     0x00000000000bad07      0xbf0 Drivers/STM32F3xx_HAL_Driver/Src/stm32f3xx_ll_dac.o
                                      0xab9f1 (size before relaxing)
 .debug_str     0x00000000000bb8f7      0x434 Drivers/STM32F3xx_HAL_Driver/Src/stm32f3xx_ll_exti.o
                                      0xa9c21 (size before relaxing)
 .debug_str     0x00000000000bbd2b      0x5f3 Drivers/STM32F3xx_HAL_Driver/Src/stm32f3xx_ll_gpio.o
                                      0xaa7c7 (size before relaxing)
 .debug_str     0x00000000000bc31e     0x1bf8 Drivers/STM32F3xx_HAL_Driver/Src/stm32f3xx_ll_tim.o
                                      0xafbe1 (size before relaxing)

.comment        0x0000000000000000       0x7b
 .comment       0x0000000000000000       0x7b Core/Src/main.o
                                         0x7c (size before relaxing)
 .comment       0x000000000000007b       0x7c Core/Src/stm32f3xx_hal_msp.o
 .comment       0x000000000000007b       0x7c Core/Src/stm32f3xx_it.o
 .comment       0x000000000000007b       0x7c Core/Src/system_stm32f3xx.o
 .comment       0x000000000000007b       0x7c Drivers/STM32F3xx_HAL_Driver/Src/stm32f3xx_hal.o
 .comment       0x000000000000007b       0x7c Drivers/STM32F3xx_HAL_Driver/Src/stm32f3xx_hal_adc_ex.o
 .comment       0x000000000000007b       0x7c Drivers/STM32F3xx_HAL_Driver/Src/stm32f3xx_hal_cortex.o
 .comment       0x000000000000007b       0x7c Drivers/STM32F3xx_HAL_Driver/Src/stm32f3xx_hal_gpio.o
 .comment       0x000000000000007b       0x7c Drivers/STM32F3xx_HAL_Driver/Src/stm32f3xx_hal_rcc.o
 .comment       0x000000000000007b       0x7c Drivers/STM32F3xx_HAL_Driver/Src/stm32f3xx_hal_rcc_ex.o
 .comment       0x000000000000007b       0x7c Drivers/STM32F3xx_HAL_Driver/Src/stm32f3xx_hal_uart.o
 .comment       0x000000000000007b       0x7c Drivers/STM32F3xx_HAL_Driver/Src/stm32f3xx_ll_dac.o
 .comment       0x000000000000007b       0x7c Drivers/STM32F3xx_HAL_Driver/Src/stm32f3xx_ll_exti.o
 .comment       0x000000000000007b       0x7c Drivers/STM32F3xx_HAL_Driver/Src/stm32f3xx_ll_gpio.o
 .comment       0x000000000000007b       0x7c Drivers/STM32F3xx_HAL_Driver/Src/stm32f3xx_ll_tim.o

.debug_frame    0x0000000000000000     0x1790
 .debug_frame   0x0000000000000000       0x5c Core/Src/main.o
 .debug_frame   0x000000000000005c       0x94 Core/Src/stm32f3xx_hal_msp.o
 .debug_frame   0x00000000000000f0       0xa0 Core/Src/stm32f3xx_it.o
 .debug_frame   0x0000000000000190       0x30 Core/Src/system_stm32f3xx.o
 .debug_frame   0x00000000000001c0      0x1d4 Drivers/STM32F3xx_HAL_Driver/Src/stm32f3xx_hal.o
 .debug_frame   0x0000000000000394      0x55c Drivers/STM32F3xx_HAL_Driver/Src/stm32f3xx_hal_adc_ex.o
 .debug_frame   0x00000000000008f0      0x178 Drivers/STM32F3xx_HAL_Driver/Src/stm32f3xx_hal_cortex.o
 .debug_frame   0x0000000000000a68      0x124 Drivers/STM32F3xx_HAL_Driver/Src/stm32f3xx_hal_gpio.o
 .debug_frame   0x0000000000000b8c      0x184 Drivers/STM32F3xx_HAL_Driver/Src/stm32f3xx_hal_rcc.o
 .debug_frame   0x0000000000000d10       0xb0 Drivers/STM32F3xx_HAL_Driver/Src/stm32f3xx_hal_rcc_ex.o
 .debug_frame   0x0000000000000dc0      0x6c4 Drivers/STM32F3xx_HAL_Driver/Src/stm32f3xx_hal_uart.o
 .debug_frame   0x0000000000001484       0x58 Drivers/STM32F3xx_HAL_Driver/Src/stm32f3xx_ll_dac.o
 .debug_frame   0x00000000000014dc       0x64 Drivers/STM32F3xx_HAL_Driver/Src/stm32f3xx_ll_exti.o
 .debug_frame   0x0000000000001540       0x58 Drivers/STM32F3xx_HAL_Driver/Src/stm32f3xx_ll_gpio.o
 .debug_frame   0x0000000000001598      0x1ac Drivers/STM32F3xx_HAL_Driver/Src/stm32f3xx_ll_tim.o
 .debug_frame   0x0000000000001744       0x2c /opt/st/stm32cubeide_1.1.0/plugins/com.st.stm32cube.ide.mcu.externaltools.gnu-tools-for-stm32.7-2018-q2-update.linux64_1.0.0.201904181610/tools/bin/../lib/gcc/arm-none-eabi/7.3.1/../../../../arm-none-eabi/lib/thumb/v7e-m/fpv4-sp/hard/libc_nano.a(lib_a-init.o)
 .debug_frame   0x0000000000001770       0x20 /opt/st/stm32cubeide_1.1.0/plugins/com.st.stm32cube.ide.mcu.externaltools.gnu-tools-for-stm32.7-2018-q2-update.linux64_1.0.0.201904181610/tools/bin/../lib/gcc/arm-none-eabi/7.3.1/../../../../arm-none-eabi/lib/thumb/v7e-m/fpv4-sp/hard/libc_nano.a(lib_a-memset.o)
