Archive member included to satisfy reference by file (symbol)

/home/javi/github_projects/simple_dsp_filtering/simple_dsp/Lib/libarm_cortexM4lf_math.a(arm_fir_interpolate_init_f32.o)
                              Core/Src/main.o (arm_fir_interpolate_init_f32)
/home/javi/github_projects/simple_dsp_filtering/simple_dsp/Lib/libarm_cortexM4lf_math.a(arm_fir_interpolate_f32.o)
                              Core/Src/main.o (arm_fir_interpolate_f32)
/home/javi/github_projects/simple_dsp_filtering/simple_dsp/Lib/libarm_cortexM4lf_math.a(arm_fir_init_f32.o)
                              Core/Src/main.o (arm_fir_init_f32)
/home/javi/github_projects/simple_dsp_filtering/simple_dsp/Lib/libarm_cortexM4lf_math.a(arm_fir_f32.o)
                              Core/Src/main.o (arm_fir_f32)
/home/javi/github_projects/simple_dsp_filtering/simple_dsp/Lib/libarm_cortexM4lf_math.a(arm_fir_decimate_init_f32.o)
                              Core/Src/main.o (arm_fir_decimate_init_f32)
/home/javi/github_projects/simple_dsp_filtering/simple_dsp/Lib/libarm_cortexM4lf_math.a(arm_fir_decimate_f32.o)
                              Core/Src/main.o (arm_fir_decimate_f32)
/opt/st/stm32cubeide_1.1.0/plugins/com.st.stm32cube.ide.mcu.externaltools.gnu-tools-for-stm32.7-2018-q2-update.linux64_1.0.0.201904181610/tools/bin/../lib/gcc/arm-none-eabi/7.3.1/../../../../arm-none-eabi/lib/thumb/v7e-m/fpv4-sp/hard/libc_nano.a(lib_a-errno.o)
                              Core/Src/syscalls.o (__errno)
/opt/st/stm32cubeide_1.1.0/plugins/com.st.stm32cube.ide.mcu.externaltools.gnu-tools-for-stm32.7-2018-q2-update.linux64_1.0.0.201904181610/tools/bin/../lib/gcc/arm-none-eabi/7.3.1/../../../../arm-none-eabi/lib/thumb/v7e-m/fpv4-sp/hard/libc_nano.a(lib_a-exit.o)
                              /opt/st/stm32cubeide_1.1.0/plugins/com.st.stm32cube.ide.mcu.externaltools.gnu-tools-for-stm32.7-2018-q2-update.linux64_1.0.0.201904181610/tools/bin/../lib/gcc/arm-none-eabi/7.3.1/../../../../arm-none-eabi/lib/thumb/v7e-m/fpv4-sp/hard/crt0.o (exit)
/opt/st/stm32cubeide_1.1.0/plugins/com.st.stm32cube.ide.mcu.externaltools.gnu-tools-for-stm32.7-2018-q2-update.linux64_1.0.0.201904181610/tools/bin/../lib/gcc/arm-none-eabi/7.3.1/../../../../arm-none-eabi/lib/thumb/v7e-m/fpv4-sp/hard/libc_nano.a(lib_a-impure.o)
                              /opt/st/stm32cubeide_1.1.0/plugins/com.st.stm32cube.ide.mcu.externaltools.gnu-tools-for-stm32.7-2018-q2-update.linux64_1.0.0.201904181610/tools/bin/../lib/gcc/arm-none-eabi/7.3.1/../../../../arm-none-eabi/lib/thumb/v7e-m/fpv4-sp/hard/libc_nano.a(lib_a-exit.o) (_global_impure_ptr)
/opt/st/stm32cubeide_1.1.0/plugins/com.st.stm32cube.ide.mcu.externaltools.gnu-tools-for-stm32.7-2018-q2-update.linux64_1.0.0.201904181610/tools/bin/../lib/gcc/arm-none-eabi/7.3.1/../../../../arm-none-eabi/lib/thumb/v7e-m/fpv4-sp/hard/libc_nano.a(lib_a-init.o)
                              /opt/st/stm32cubeide_1.1.0/plugins/com.st.stm32cube.ide.mcu.externaltools.gnu-tools-for-stm32.7-2018-q2-update.linux64_1.0.0.201904181610/tools/bin/../lib/gcc/arm-none-eabi/7.3.1/../../../../arm-none-eabi/lib/thumb/v7e-m/fpv4-sp/hard/crt0.o (__libc_init_array)
/opt/st/stm32cubeide_1.1.0/plugins/com.st.stm32cube.ide.mcu.externaltools.gnu-tools-for-stm32.7-2018-q2-update.linux64_1.0.0.201904181610/tools/bin/../lib/gcc/arm-none-eabi/7.3.1/../../../../arm-none-eabi/lib/thumb/v7e-m/fpv4-sp/hard/libc_nano.a(lib_a-memcpy-stub.o)
                              Core/Src/main.o (memcpy)
/opt/st/stm32cubeide_1.1.0/plugins/com.st.stm32cube.ide.mcu.externaltools.gnu-tools-for-stm32.7-2018-q2-update.linux64_1.0.0.201904181610/tools/bin/../lib/gcc/arm-none-eabi/7.3.1/../../../../arm-none-eabi/lib/thumb/v7e-m/fpv4-sp/hard/libc_nano.a(lib_a-memset.o)
                              /opt/st/stm32cubeide_1.1.0/plugins/com.st.stm32cube.ide.mcu.externaltools.gnu-tools-for-stm32.7-2018-q2-update.linux64_1.0.0.201904181610/tools/bin/../lib/gcc/arm-none-eabi/7.3.1/../../../../arm-none-eabi/lib/thumb/v7e-m/fpv4-sp/hard/crt0.o (memset)

Allocating common symbols
Common symbol       size              file

hdac1               0x14              Core/Src/main.o
uwTick              0x4               Drivers/STM32F3xx_HAL_Driver/Src/stm32f3xx_hal.o
pFlash              0x20              Drivers/STM32F3xx_HAL_Driver/Src/stm32f3xx_hal_flash.o
huart2              0x80              Core/Src/main.o

Discarded input sections

 .text          0x0000000000000000        0x0 /opt/st/stm32cubeide_1.1.0/plugins/com.st.stm32cube.ide.mcu.externaltools.gnu-tools-for-stm32.7-2018-q2-update.linux64_1.0.0.201904181610/tools/bin/../lib/gcc/arm-none-eabi/7.3.1/thumb/v7e-m/fpv4-sp/hard/crti.o
 .data          0x0000000000000000        0x0 /opt/st/stm32cubeide_1.1.0/plugins/com.st.stm32cube.ide.mcu.externaltools.gnu-tools-for-stm32.7-2018-q2-update.linux64_1.0.0.201904181610/tools/bin/../lib/gcc/arm-none-eabi/7.3.1/thumb/v7e-m/fpv4-sp/hard/crti.o
[...]
Memory Configuration

Name             Origin             Length             Attributes
CCMRAM           0x0000000010000000 0x0000000000004000 xrw
RAM              0x0000000020000000 0x0000000000010000 xrw
FLASH            0x0000000008000000 0x0000000000080000 xr
*default*        0x0000000000000000 0xffffffffffffffff

Linker script and memory map

LOAD /opt/st/stm32cubeide_1.1.0/plugins/com.st.stm32cube.ide.mcu.externaltools.gnu-tools-for-stm32.7-2018-q2-update.linux64_1.0.0.201904181610/tools/bin/../lib/gcc/arm-none-eabi/7.3.1/thumb/v7e-m/fpv4-sp/hard/crti.o
LOAD /opt/st/stm32cubeide_1.1.0/plugins/com.st.stm32cube.ide.mcu.externaltools.gnu-tools-for-stm32.7-2018-q2-update.linux64_1.0.0.201904181610/tools/bin/../lib/gcc/arm-none-eabi/7.3.1/thumb/v7e-m/fpv4-sp/hard/crtbegin.o
LOAD /opt/st/stm32cubeide_1.1.0/plugins/com.st.stm32cube.ide.mcu.externaltools.gnu-tools-for-stm32.7-2018-q2-update.linux64_1.0.0.201904181610/tools/bin/../lib/gcc/arm-none-eabi/7.3.1/../../../../arm-none-eabi/lib/thumb/v7e-m/fpv4-sp/hard/crt0.o
LOAD Core/Src/main.o
LOAD Core/Src/stm32f3xx_hal_msp.o
LOAD Core/Src/stm32f3xx_it.o
LOAD Core/Src/syscalls.o
LOAD Core/Src/sysmem.o
LOAD Core/Src/system_stm32f3xx.o
LOAD Core/Startup/startup_stm32f303retx.o
LOAD Drivers/STM32F3xx_HAL_Driver/Src/stm32f3xx_hal.o
LOAD Drivers/STM32F3xx_HAL_Driver/Src/stm32f3xx_hal_cortex.o
LOAD Drivers/STM32F3xx_HAL_Driver/Src/stm32f3xx_hal_dac.o
LOAD Drivers/STM32F3xx_HAL_Driver/Src/stm32f3xx_hal_dac_ex.o
LOAD Drivers/STM32F3xx_HAL_Driver/Src/stm32f3xx_hal_dma.o
LOAD Drivers/STM32F3xx_HAL_Driver/Src/stm32f3xx_hal_exti.o
LOAD Drivers/STM32F3xx_HAL_Driver/Src/stm32f3xx_hal_flash.o
LOAD Drivers/STM32F3xx_HAL_Driver/Src/stm32f3xx_hal_flash_ex.o
LOAD Drivers/STM32F3xx_HAL_Driver/Src/stm32f3xx_hal_gpio.o
LOAD Drivers/STM32F3xx_HAL_Driver/Src/stm32f3xx_hal_i2c.o
LOAD Drivers/STM32F3xx_HAL_Driver/Src/stm32f3xx_hal_i2c_ex.o
LOAD Drivers/STM32F3xx_HAL_Driver/Src/stm32f3xx_hal_pwr.o
LOAD Drivers/STM32F3xx_HAL_Driver/Src/stm32f3xx_hal_pwr_ex.o
LOAD Drivers/STM32F3xx_HAL_Driver/Src/stm32f3xx_hal_rcc.o
LOAD Drivers/STM32F3xx_HAL_Driver/Src/stm32f3xx_hal_rcc_ex.o
LOAD Drivers/STM32F3xx_HAL_Driver/Src/stm32f3xx_hal_tim.o
LOAD Drivers/STM32F3xx_HAL_Driver/Src/stm32f3xx_hal_tim_ex.o
LOAD Drivers/STM32F3xx_HAL_Driver/Src/stm32f3xx_hal_uart.o
LOAD Drivers/STM32F3xx_HAL_Driver/Src/stm32f3xx_hal_uart_ex.o
LOAD Drivers/STM32F3xx_HAL_Driver/Src/stm32f3xx_ll_exti.o
LOAD Drivers/STM32F3xx_HAL_Driver/Src/stm32f3xx_ll_gpio.o
LOAD Drivers/STM32F3xx_HAL_Driver/Src/stm32f3xx_ll_rcc.o
LOAD Drivers/STM32F3xx_HAL_Driver/Src/stm32f3xx_ll_utils.o
LOAD Modules/DSP/dsp.o
LOAD /home/javi/github_projects/simple_dsp_filtering/simple_dsp/Lib/libarm_cortexM4lf_math.a
START GROUP
LOAD /opt/st/stm32cubeide_1.1.0/plugins/com.st.stm32cube.ide.mcu.externaltools.gnu-tools-for-stm32.7-2018-q2-update.linux64_1.0.0.201904181610/tools/bin/../lib/gcc/arm-none-eabi/7.3.1/../../../../arm-none-eabi/lib/thumb/v7e-m/fpv4-sp/hard/libc_nano.a
LOAD /opt/st/stm32cubeide_1.1.0/plugins/com.st.stm32cube.ide.mcu.externaltools.gnu-tools-for-stm32.7-2018-q2-update.linux64_1.0.0.201904181610/tools/bin/../lib/gcc/arm-none-eabi/7.3.1/../../../../arm-none-eabi/lib/thumb/v7e-m/fpv4-sp/hard/libm.a
END GROUP
START GROUP
LOAD /opt/st/stm32cubeide_1.1.0/plugins/com.st.stm32cube.ide.mcu.externaltools.gnu-tools-for-stm32.7-2018-q2-update.linux64_1.0.0.201904181610/tools/bin/../lib/gcc/arm-none-eabi/7.3.1/thumb/v7e-m/fpv4-sp/hard/libgcc.a
LOAD /opt/st/stm32cubeide_1.1.0/plugins/com.st.stm32cube.ide.mcu.externaltools.gnu-tools-for-stm32.7-2018-q2-update.linux64_1.0.0.201904181610/tools/bin/../lib/gcc/arm-none-eabi/7.3.1/../../../../arm-none-eabi/lib/thumb/v7e-m/fpv4-sp/hard/libc_nano.a
END GROUP
START GROUP
LOAD /opt/st/stm32cubeide_1.1.0/plugins/com.st.stm32cube.ide.mcu.externaltools.gnu-tools-for-stm32.7-2018-q2-update.linux64_1.0.0.201904181610/tools/bin/../lib/gcc/arm-none-eabi/7.3.1/thumb/v7e-m/fpv4-sp/hard/libgcc.a
LOAD /opt/st/stm32cubeide_1.1.0/plugins/com.st.stm32cube.ide.mcu.externaltools.gnu-tools-for-stm32.7-2018-q2-update.linux64_1.0.0.201904181610/tools/bin/../lib/gcc/arm-none-eabi/7.3.1/../../../../arm-none-eabi/lib/thumb/v7e-m/fpv4-sp/hard/libc_nano.a
LOAD /opt/st/stm32cubeide_1.1.0/plugins/com.st.stm32cube.ide.mcu.externaltools.gnu-tools-for-stm32.7-2018-q2-update.linux64_1.0.0.201904181610/tools/bin/../lib/gcc/arm-none-eabi/7.3.1/../../../../arm-none-eabi/lib/thumb/v7e-m/fpv4-sp/hard/libnosys.a
END GROUP
START GROUP
LOAD /opt/st/stm32cubeide_1.1.0/plugins/com.st.stm32cube.ide.mcu.externaltools.gnu-tools-for-stm32.7-2018-q2-update.linux64_1.0.0.201904181610/tools/bin/../lib/gcc/arm-none-eabi/7.3.1/thumb/v7e-m/fpv4-sp/hard/libgcc.a
LOAD /opt/st/stm32cubeide_1.1.0/plugins/com.st.stm32cube.ide.mcu.externaltools.gnu-tools-for-stm32.7-2018-q2-update.linux64_1.0.0.201904181610/tools/bin/../lib/gcc/arm-none-eabi/7.3.1/../../../../arm-none-eabi/lib/thumb/v7e-m/fpv4-sp/hard/libc_nano.a
LOAD /opt/st/stm32cubeide_1.1.0/plugins/com.st.stm32cube.ide.mcu.externaltools.gnu-tools-for-stm32.7-2018-q2-update.linux64_1.0.0.201904181610/tools/bin/../lib/gcc/arm-none-eabi/7.3.1/../../../../arm-none-eabi/lib/thumb/v7e-m/fpv4-sp/hard/libnosys.a
END GROUP
LOAD /opt/st/stm32cubeide_1.1.0/plugins/com.st.stm32cube.ide.mcu.externaltools.gnu-tools-for-stm32.7-2018-q2-update.linux64_1.0.0.201904181610/tools/bin/../lib/gcc/arm-none-eabi/7.3.1/thumb/v7e-m/fpv4-sp/hard/crtend.o
LOAD /opt/st/stm32cubeide_1.1.0/plugins/com.st.stm32cube.ide.mcu.externaltools.gnu-tools-for-stm32.7-2018-q2-update.linux64_1.0.0.201904181610/tools/bin/../lib/gcc/arm-none-eabi/7.3.1/thumb/v7e-m/fpv4-sp/hard/crtn.o
                0x0000000020010000                _estack = (ORIGIN (RAM) + LENGTH (RAM))
                0x0000000000000200                _Min_Heap_Size = 0x200
                0x0000000000000400                _Min_Stack_Size = 0x400

.isr_vector     0x0000000008000000      0x194
                0x0000000008000000                . = ALIGN (0x4)
 *(.isr_vector)
 .isr_vector    0x0000000008000000      0x194 Core/Startup/startup_stm32f303retx.o
                0x0000000008000000                g_pfnVectors
                0x0000000008000194                . = ALIGN (0x4)

.text           0x0000000008000194     0x1968
                0x0000000008000194                . = ALIGN (0x4)
 *(.text)
 .text          0x0000000008000194       0x40 /opt/st/stm32cubeide_1.1.0/plugins/com.st.stm32cube.ide.mcu.externaltools.gnu-tools-for-stm32.7-2018-q2-update.linux64_1.0.0.201904181610/tools/bin/../lib/gcc/arm-none-eabi/7.3.1/thumb/v7e-m/fpv4-sp/hard/crtbegin.o
 *(.text*)
 .text.SystemClock_Config
                0x00000000080001d4       0x6c Core/Src/main.o
                0x00000000080001d4                SystemClock_Config
 .text.startup.main
                0x0000000008000240      0x164 Core/Src/main.o
                0x0000000008000240                main
 .text.HAL_MspInit
                0x00000000080003a4       0x30 Core/Src/stm32f3xx_hal_msp.o
                0x00000000080003a4                HAL_MspInit
 .text.HAL_DAC_MspInit
                0x00000000080003d4       0x64 Core/Src/stm32f3xx_hal_msp.o
                0x00000000080003d4                HAL_DAC_MspInit
 .text.HAL_UART_MspInit
                0x0000000008000438       0x68 Core/Src/stm32f3xx_hal_msp.o
                0x0000000008000438                HAL_UART_MspInit
 .text.NMI_Handler
                0x00000000080004a0        0x4 Core/Src/stm32f3xx_it.o
                0x00000000080004a0                NMI_Handler
 .text.HardFault_Handler
                0x00000000080004a4        0x4 Core/Src/stm32f3xx_it.o
                0x00000000080004a4                HardFault_Handler
 .text.MemManage_Handler
                0x00000000080004a8        0x4 Core/Src/stm32f3xx_it.o
                0x00000000080004a8                MemManage_Handler
 .text.BusFault_Handler
                0x00000000080004ac        0x4 Core/Src/stm32f3xx_it.o
                0x00000000080004ac                BusFault_Handler
 .text.UsageFault_Handler
                0x00000000080004b0        0x4 Core/Src/stm32f3xx_it.o
                0x00000000080004b0                UsageFault_Handler
 .text.SVC_Handler
                0x00000000080004b4        0x4 Core/Src/stm32f3xx_it.o
                0x00000000080004b4                SVC_Handler
 .text.DebugMon_Handler
                0x00000000080004b8        0x4 Core/Src/stm32f3xx_it.o
                0x00000000080004b8                DebugMon_Handler
 .text.PendSV_Handler
                0x00000000080004bc        0x4 Core/Src/stm32f3xx_it.o
                0x00000000080004bc                PendSV_Handler
 .text.SysTick_Handler
                0x00000000080004c0        0x4 Core/Src/stm32f3xx_it.o
                0x00000000080004c0                SysTick_Handler
 .text.SystemInit
                0x00000000080004c4       0x1c Core/Src/system_stm32f3xx.o
                0x00000000080004c4                SystemInit
 .text.Reset_Handler
                0x00000000080004e0       0x50 Core/Startup/startup_stm32f303retx.o
                0x00000000080004e0                Reset_Handler
 .text.Default_Handler
                0x0000000008000530        0x2 Core/Startup/startup_stm32f303retx.o
                0x0000000008000530                RTC_Alarm_IRQHandler
                0x0000000008000530                TIM8_TRG_COM_IRQHandler
                0x0000000008000530                TIM8_CC_IRQHandler
                0x0000000008000530                SPI4_IRQHandler
                0x0000000008000530                TIM1_CC_IRQHandler
                0x0000000008000530                USB_HP_IRQHandler
                0x0000000008000530                PVD_IRQHandler
                0x0000000008000530                TAMP_STAMP_IRQHandler
                0x0000000008000530                EXTI3_IRQHandler
                0x0000000008000530                I2C3_ER_IRQHandler
                0x0000000008000530                USB_HP_CAN_TX_IRQHandler
                0x0000000008000530                EXTI0_IRQHandler
                0x0000000008000530                I2C2_EV_IRQHandler
                0x0000000008000530                FPU_IRQHandler
                0x0000000008000530                TIM1_UP_TIM16_IRQHandler
                0x0000000008000530                ADC1_2_IRQHandler
                0x0000000008000530                SPI1_IRQHandler
                0x0000000008000530                CAN_SCE_IRQHandler
                0x0000000008000530                TIM6_DAC_IRQHandler
                0x0000000008000530                TIM8_UP_IRQHandler
                0x0000000008000530                DMA2_Channel2_IRQHandler
                0x0000000008000530                DMA1_Channel4_IRQHandler
                0x0000000008000530                TIM20_TRG_COM_IRQHandler
                0x0000000008000530                USART3_IRQHandler
                0x0000000008000530                DMA1_Channel7_IRQHandler
                0x0000000008000530                UART5_IRQHandler
                0x0000000008000530                ADC3_IRQHandler
                0x0000000008000530                TIM4_IRQHandler
                0x0000000008000530                CAN_RX1_IRQHandler
                0x0000000008000530                DMA2_Channel1_IRQHandler
                0x0000000008000530                I2C1_EV_IRQHandler
                0x0000000008000530                DMA1_Channel6_IRQHandler
                0x0000000008000530                UART4_IRQHandler
                0x0000000008000530                DMA2_Channel4_IRQHandler
                0x0000000008000530                TIM3_IRQHandler
                0x0000000008000530                RCC_IRQHandler
                0x0000000008000530                TIM20_UP_IRQHandler
                0x0000000008000530                DMA1_Channel1_IRQHandler
                0x0000000008000530                Default_Handler
                0x0000000008000530                USBWakeUp_RMP_IRQHandler
                0x0000000008000530                EXTI15_10_IRQHandler
                0x0000000008000530                TIM7_IRQHandler
                0x0000000008000530                I2C3_EV_IRQHandler
                0x0000000008000530                EXTI9_5_IRQHandler
                0x0000000008000530                RTC_WKUP_IRQHandler
                0x0000000008000530                SPI2_IRQHandler
                0x0000000008000530                USB_LP_CAN_RX0_IRQHandler
                0x0000000008000530                DMA2_Channel5_IRQHandler
                0x0000000008000530                DMA1_Channel5_IRQHandler
                0x0000000008000530                USB_LP_IRQHandler
                0x0000000008000530                EXTI4_IRQHandler
                0x0000000008000530                TIM1_TRG_COM_TIM17_IRQHandler
                0x0000000008000530                DMA1_Channel3_IRQHandler
                0x0000000008000530                ADC4_IRQHandler
                0x0000000008000530                WWDG_IRQHandler
                0x0000000008000530                TIM2_IRQHandler
                0x0000000008000530                COMP7_IRQHandler
                0x0000000008000530                COMP1_2_3_IRQHandler
                0x0000000008000530                EXTI1_IRQHandler
                0x0000000008000530                USART2_IRQHandler
                0x0000000008000530                COMP4_5_6_IRQHandler
                0x0000000008000530                TIM20_BRK_IRQHandler
                0x0000000008000530                I2C2_ER_IRQHandler
                0x0000000008000530                DMA1_Channel2_IRQHandler
                0x0000000008000530                TIM8_BRK_IRQHandler
                0x0000000008000530                FLASH_IRQHandler
                0x0000000008000530                TIM20_CC_IRQHandler
                0x0000000008000530                USART1_IRQHandler
                0x0000000008000530                SPI3_IRQHandler
                0x0000000008000530                I2C1_ER_IRQHandler
                0x0000000008000530                FMC_IRQHandler
                0x0000000008000530                USBWakeUp_IRQHandler
                0x0000000008000530                DMA2_Channel3_IRQHandler
                0x0000000008000530                EXTI2_TSC_IRQHandler
                0x0000000008000530                TIM1_BRK_TIM15_IRQHandler
 *fill*         0x0000000008000532        0x2 
 .text.HAL_InitTick
                0x0000000008000534       0x48 Drivers/STM32F3xx_HAL_Driver/Src/stm32f3xx_hal.o
                0x0000000008000534                HAL_InitTick
 .text.HAL_Init
                0x000000000800057c       0x24 Drivers/STM32F3xx_HAL_Driver/Src/stm32f3xx_hal.o
                0x000000000800057c                HAL_Init
 .text.HAL_IncTick
                0x00000000080005a0       0x18 Drivers/STM32F3xx_HAL_Driver/Src/stm32f3xx_hal.o
                0x00000000080005a0                HAL_IncTick
 .text.HAL_GetTick
                0x00000000080005b8        0xc Drivers/STM32F3xx_HAL_Driver/Src/stm32f3xx_hal.o
                0x00000000080005b8                HAL_GetTick
 .text.HAL_NVIC_SetPriorityGrouping
                0x00000000080005c4       0x24 Drivers/STM32F3xx_HAL_Driver/Src/stm32f3xx_hal_cortex.o
                0x00000000080005c4                HAL_NVIC_SetPriorityGrouping
 .text.HAL_NVIC_SetPriority
                0x00000000080005e8       0x6c Drivers/STM32F3xx_HAL_Driver/Src/stm32f3xx_hal_cortex.o
                0x00000000080005e8                HAL_NVIC_SetPriority
 .text.HAL_SYSTICK_Config
                0x0000000008000654       0x34 Drivers/STM32F3xx_HAL_Driver/Src/stm32f3xx_hal_cortex.o
                0x0000000008000654                HAL_SYSTICK_Config
 .text.HAL_DAC_Init
                0x0000000008000688       0x2c Drivers/STM32F3xx_HAL_Driver/Src/stm32f3xx_hal_dac.o
                0x0000000008000688                HAL_DAC_Init
 .text.HAL_DAC_ConfigChannel
                0x00000000080006b4       0x48 Drivers/STM32F3xx_HAL_Driver/Src/stm32f3xx_hal_dac_ex.o
                0x00000000080006b4                HAL_DAC_ConfigChannel
 .text.HAL_GPIO_Init
                0x00000000080006fc      0x1e4 Drivers/STM32F3xx_HAL_Driver/Src/stm32f3xx_hal_gpio.o
                0x00000000080006fc                HAL_GPIO_Init
 .text.HAL_RCC_OscConfig
                0x00000000080008e0      0x5cc Drivers/STM32F3xx_HAL_Driver/Src/stm32f3xx_hal_rcc.o
                0x00000000080008e0                HAL_RCC_OscConfig
 .text.HAL_RCC_ClockConfig
                0x0000000008000eac      0x1b4 Drivers/STM32F3xx_HAL_Driver/Src/stm32f3xx_hal_rcc.o
                0x0000000008000eac                HAL_RCC_ClockConfig
 .text.HAL_RCC_GetSysClockFreq
                0x0000000008001060       0x5c Drivers/STM32F3xx_HAL_Driver/Src/stm32f3xx_hal_rcc.o
                0x0000000008001060                HAL_RCC_GetSysClockFreq
 .text.HAL_RCC_GetPCLK1Freq
                0x00000000080010bc       0x30 Drivers/STM32F3xx_HAL_Driver/Src/stm32f3xx_hal_rcc.o
                0x00000000080010bc                HAL_RCC_GetPCLK1Freq
 .text.HAL_RCC_GetPCLK2Freq
                0x00000000080010ec       0x30 Drivers/STM32F3xx_HAL_Driver/Src/stm32f3xx_hal_rcc.o
                0x00000000080010ec                HAL_RCC_GetPCLK2Freq
 .text.HAL_RCCEx_PeriphCLKConfig
                0x000000000800111c      0x29c Drivers/STM32F3xx_HAL_Driver/Src/stm32f3xx_hal_rcc_ex.o
                0x000000000800111c                HAL_RCCEx_PeriphCLKConfig
 .text.UART_AdvFeatureConfig
                0x00000000080013b8       0xb0 Drivers/STM32F3xx_HAL_Driver/Src/stm32f3xx_hal_uart.o
                0x00000000080013b8                UART_AdvFeatureConfig
 .text.HAL_UART_Init
                0x0000000008001468      0x370 Drivers/STM32F3xx_HAL_Driver/Src/stm32f3xx_hal_uart.o
                0x0000000008001468                HAL_UART_Init
 .text.LL_EXTI_Init
                0x00000000080017d8      0x154 Drivers/STM32F3xx_HAL_Driver/Src/stm32f3xx_ll_exti.o
                0x00000000080017d8                LL_EXTI_Init
 .text.LL_GPIO_Init
                0x000000000800192c      0x158 Drivers/STM32F3xx_HAL_Driver/Src/stm32f3xx_ll_gpio.o
                0x000000000800192c                LL_GPIO_Init
 .text.dsp_Init
                0x0000000008001a84        0x4 Modules/DSP/dsp.o
                0x0000000008001a84                dsp_Init
 .text.dsp_Process
                0x0000000008001a88        0x4 Modules/DSP/dsp.o
                0x0000000008001a88                dsp_Process
 .text.__libc_init_array
                0x0000000008001a8c       0x48 /opt/st/stm32cubeide_1.1.0/plugins/com.st.stm32cube.ide.mcu.externaltools.gnu-tools-for-stm32.7-2018-q2-update.linux64_1.0.0.201904181610/tools/bin/../lib/gcc/arm-none-eabi/7.3.1/../../../../arm-none-eabi/lib/thumb/v7e-m/fpv4-sp/hard/libc_nano.a(lib_a-init.o)
                0x0000000008001a8c                __libc_init_array
 .text.memset   0x0000000008001ad4       0x10 /opt/st/stm32cubeide_1.1.0/plugins/com.st.stm32cube.ide.mcu.externaltools.gnu-tools-for-stm32.7-2018-q2-update.linux64_1.0.0.201904181610/tools/bin/../lib/gcc/arm-none-eabi/7.3.1/../../../../arm-none-eabi/lib/thumb/v7e-m/fpv4-sp/hard/libc_nano.a(lib_a-memset.o)
                0x0000000008001ad4                memset
 *(.glue_7)
 .glue_7        0x0000000008001ae4        0x0 linker stubs
 *(.glue_7t)
 .glue_7t       0x0000000008001ae4        0x0 linker stubs
 *(.eh_frame)
 .eh_frame      0x0000000008001ae4        0x0 /opt/st/stm32cubeide_1.1.0/plugins/com.st.stm32cube.ide.mcu.externaltools.gnu-tools-for-stm32.7-2018-q2-update.linux64_1.0.0.201904181610/tools/bin/../lib/gcc/arm-none-eabi/7.3.1/thumb/v7e-m/fpv4-sp/hard/crtbegin.o
 *(.init)
 .init          0x0000000008001ae4        0x4 /opt/st/stm32cubeide_1.1.0/plugins/com.st.stm32cube.ide.mcu.externaltools.gnu-tools-for-stm32.7-2018-q2-update.linux64_1.0.0.201904181610/tools/bin/../lib/gcc/arm-none-eabi/7.3.1/thumb/v7e-m/fpv4-sp/hard/crti.o
                0x0000000008001ae4                _init
 .init          0x0000000008001ae8        0x8 /opt/st/stm32cubeide_1.1.0/plugins/com.st.stm32cube.ide.mcu.externaltools.gnu-tools-for-stm32.7-2018-q2-update.linux64_1.0.0.201904181610/tools/bin/../lib/gcc/arm-none-eabi/7.3.1/thumb/v7e-m/fpv4-sp/hard/crtn.o
 *(.fini)
 .fini          0x0000000008001af0        0x4 /opt/st/stm32cubeide_1.1.0/plugins/com.st.stm32cube.ide.mcu.externaltools.gnu-tools-for-stm32.7-2018-q2-update.linux64_1.0.0.201904181610/tools/bin/../lib/gcc/arm-none-eabi/7.3.1/thumb/v7e-m/fpv4-sp/hard/crti.o
                0x0000000008001af0                _fini
 .fini          0x0000000008001af4        0x8 /opt/st/stm32cubeide_1.1.0/plugins/com.st.stm32cube.ide.mcu.externaltools.gnu-tools-for-stm32.7-2018-q2-update.linux64_1.0.0.201904181610/tools/bin/../lib/gcc/arm-none-eabi/7.3.1/thumb/v7e-m/fpv4-sp/hard/crtn.o
                0x0000000008001afc                . = ALIGN (0x4)
                0x0000000008001afc                _etext = .

.vfp11_veneer   0x0000000008001afc        0x0
 .vfp11_veneer  0x0000000008001afc        0x0 linker stubs

.v4_bx          0x0000000008001afc        0x0
 .v4_bx         0x0000000008001afc        0x0 linker stubs

.iplt           0x0000000008001afc        0x0
 .iplt          0x0000000008001afc        0x0 /opt/st/stm32cubeide_1.1.0/plugins/com.st.stm32cube.ide.mcu.externaltools.gnu-tools-for-stm32.7-2018-q2-update.linux64_1.0.0.201904181610/tools/bin/../lib/gcc/arm-none-eabi/7.3.1/thumb/v7e-m/fpv4-sp/hard/crtbegin.o

.rodata         0x0000000008001afc       0x3c
                0x0000000008001afc                . = ALIGN (0x4)
 *(.rodata)
 *(.rodata*)
 .rodata.AHBPrescTable
                0x0000000008001afc       0x10 Core/Src/system_stm32f3xx.o
                0x0000000008001afc                AHBPrescTable
 .rodata.APBPrescTable
                0x0000000008001b0c        0x8 Core/Src/system_stm32f3xx.o
                0x0000000008001b0c                APBPrescTable
 .rodata.aPLLMULFactorTable
                0x0000000008001b14       0x10 Drivers/STM32F3xx_HAL_Driver/Src/stm32f3xx_hal_rcc.o
                0x0000000008001b14                aPLLMULFactorTable
 .rodata.aPredivFactorTable
                0x0000000008001b24       0x10 Drivers/STM32F3xx_HAL_Driver/Src/stm32f3xx_hal_rcc.o
                0x0000000008001b24                aPredivFactorTable
 .rodata.CSWTCH.52
                0x0000000008001b34        0x4 Drivers/STM32F3xx_HAL_Driver/Src/stm32f3xx_hal_uart.o
                0x0000000008001b38                . = ALIGN (0x4)

.rel.dyn        0x0000000008001b38        0x0
 .rel.iplt      0x0000000008001b38        0x0 /opt/st/stm32cubeide_1.1.0/plugins/com.st.stm32cube.ide.mcu.externaltools.gnu-tools-for-stm32.7-2018-q2-update.linux64_1.0.0.201904181610/tools/bin/../lib/gcc/arm-none-eabi/7.3.1/thumb/v7e-m/fpv4-sp/hard/crtbegin.o

.ARM.extab      0x0000000008001b38        0x0
                0x0000000008001b38                . = ALIGN (0x4)
 *(.ARM.extab* .gnu.linkonce.armextab.*)
                0x0000000008001b38                . = ALIGN (0x4)

.ARM            0x0000000008001b38        0x0
                0x0000000008001b38                . = ALIGN (0x4)
                0x0000000008001b38                __exidx_start = .
 *(.ARM.exidx*)
                0x0000000008001b38                __exidx_end = .
                0x0000000008001b38                . = ALIGN (0x4)

.preinit_array  0x0000000008001b38        0x0
                0x0000000008001b38                . = ALIGN (0x4)
                0x0000000008001b38                PROVIDE (__preinit_array_start = .)
 *(.preinit_array*)
                0x0000000008001b38                PROVIDE (__preinit_array_end = .)
                0x0000000008001b38                . = ALIGN (0x4)

.init_array     0x0000000008001b38        0x4
                0x0000000008001b38                . = ALIGN (0x4)
                0x0000000008001b38                PROVIDE (__init_array_start = .)
 *(SORT_BY_NAME(.init_array.*))
 *(.init_array*)
 .init_array    0x0000000008001b38        0x4 /opt/st/stm32cubeide_1.1.0/plugins/com.st.stm32cube.ide.mcu.externaltools.gnu-tools-for-stm32.7-2018-q2-update.linux64_1.0.0.201904181610/tools/bin/../lib/gcc/arm-none-eabi/7.3.1/thumb/v7e-m/fpv4-sp/hard/crtbegin.o
                0x0000000008001b3c                PROVIDE (__init_array_end = .)
                0x0000000008001b3c                . = ALIGN (0x4)

.fini_array     0x0000000008001b3c        0x4
                0x0000000008001b3c                . = ALIGN (0x4)
                [!provide]                        PROVIDE (__fini_array_start = .)
 *(SORT_BY_NAME(.fini_array.*))
 *(.fini_array*)
 .fini_array    0x0000000008001b3c        0x4 /opt/st/stm32cubeide_1.1.0/plugins/com.st.stm32cube.ide.mcu.externaltools.gnu-tools-for-stm32.7-2018-q2-update.linux64_1.0.0.201904181610/tools/bin/../lib/gcc/arm-none-eabi/7.3.1/thumb/v7e-m/fpv4-sp/hard/crtbegin.o
                [!provide]                        PROVIDE (__fini_array_end = .)
                0x0000000008001b40                . = ALIGN (0x4)
                0x0000000008001b40                _sidata = LOADADDR (.data)

.data           0x0000000020000000        0xc load address 0x0000000008001b40
                0x0000000020000000                . = ALIGN (0x4)
                0x0000000020000000                _sdata = .
 *(.data)
 *(.data*)
 .data.SystemCoreClock
                0x0000000020000000        0x4 Core/Src/system_stm32f3xx.o
                0x0000000020000000                SystemCoreClock
 .data.uwTickFreq
                0x0000000020000004        0x1 Drivers/STM32F3xx_HAL_Driver/Src/stm32f3xx_hal.o
                0x0000000020000004                uwTickFreq
 *fill*         0x0000000020000005        0x3 
 .data.uwTickPrio
                0x0000000020000008        0x4 Drivers/STM32F3xx_HAL_Driver/Src/stm32f3xx_hal.o
                0x0000000020000008                uwTickPrio
                0x000000002000000c                . = ALIGN (0x4)
                0x000000002000000c                _edata = .

.igot.plt       0x000000002000000c        0x0 load address 0x0000000008001b4c
 .igot.plt      0x000000002000000c        0x0 /opt/st/stm32cubeide_1.1.0/plugins/com.st.stm32cube.ide.mcu.externaltools.gnu-tools-for-stm32.7-2018-q2-update.linux64_1.0.0.201904181610/tools/bin/../lib/gcc/arm-none-eabi/7.3.1/thumb/v7e-m/fpv4-sp/hard/crtbegin.o
                0x000000002000000c                . = ALIGN (0x4)

.bss            0x000000002000000c       0xb4 load address 0x0000000008001b4c
                0x000000002000000c                _sbss = .
                0x000000002000000c                __bss_start__ = _sbss
 *(.bss)
 .bss           0x000000002000000c       0x1c /opt/st/stm32cubeide_1.1.0/plugins/com.st.stm32cube.ide.mcu.externaltools.gnu-tools-for-stm32.7-2018-q2-update.linux64_1.0.0.201904181610/tools/bin/../lib/gcc/arm-none-eabi/7.3.1/thumb/v7e-m/fpv4-sp/hard/crtbegin.o
 *(.bss*)
 *(COMMON)
 COMMON         0x0000000020000028       0x94 Core/Src/main.o
                0x0000000020000028                hdac1
                0x000000002000003c                huart2
 COMMON         0x00000000200000bc        0x4 Drivers/STM32F3xx_HAL_Driver/Src/stm32f3xx_hal.o
                0x00000000200000bc                uwTick
                0x00000000200000c0                . = ALIGN (0x4)
                0x00000000200000c0                _ebss = .
                0x00000000200000c0                __bss_end__ = _ebss

._user_heap_stack
                0x00000000200000c0      0x600 load address 0x0000000008001b4c
                0x00000000200000c0                . = ALIGN (0x8)
                0x00000000200000c0                PROVIDE (end = .)
                [!provide]                        PROVIDE (_end = .)
                0x00000000200002c0                . = (. + _Min_Heap_Size)
 *fill*         0x00000000200000c0      0x200 
                0x00000000200006c0                . = (. + _Min_Stack_Size)
 *fill*         0x00000000200002c0      0x400 
                0x00000000200006c0                . = ALIGN (0x8)

/DISCARD/
 libc.a(*)
 libm.a(*)
 libgcc.a(*)

.ARM.attributes
                0x0000000000000000       0x30
 *(.ARM.attributes)
 .ARM.attributes
                0x0000000000000000       0x22 /opt/st/stm32cubeide_1.1.0/plugins/com.st.stm32cube.ide.mcu.externaltools.gnu-tools-for-stm32.7-2018-q2-update.linux64_1.0.0.201904181610/tools/bin/../lib/gcc/arm-none-eabi/7.3.1/thumb/v7e-m/fpv4-sp/hard/crti.o
 .ARM.attributes
                0x0000000000000022       0x34 /opt/st/stm32cubeide_1.1.0/plugins/com.st.stm32cube.ide.mcu.externaltools.gnu-tools-for-stm32.7-2018-q2-update.linux64_1.0.0.201904181610/tools/bin/../lib/gcc/arm-none-eabi/7.3.1/thumb/v7e-m/fpv4-sp/hard/crtbegin.o
 .ARM.attributes
                0x0000000000000056       0x35 Core/Src/main.o
 .ARM.attributes
                0x000000000000008b       0x35 Core/Src/stm32f3xx_hal_msp.o
 .ARM.attributes
                0x00000000000000c0       0x35 Core/Src/stm32f3xx_it.o
 .ARM.attributes
                0x00000000000000f5       0x35 Core/Src/system_stm32f3xx.o
 .ARM.attributes
                0x000000000000012a       0x21 Core/Startup/startup_stm32f303retx.o
 .ARM.attributes
                0x000000000000014b       0x35 Drivers/STM32F3xx_HAL_Driver/Src/stm32f3xx_hal.o
 .ARM.attributes
                0x0000000000000180       0x35 Drivers/STM32F3xx_HAL_Driver/Src/stm32f3xx_hal_cortex.o
 .ARM.attributes
                0x00000000000001b5       0x35 Drivers/STM32F3xx_HAL_Driver/Src/stm32f3xx_hal_dac.o
 .ARM.attributes
                0x00000000000001ea       0x35 Drivers/STM32F3xx_HAL_Driver/Src/stm32f3xx_hal_dac_ex.o
 .ARM.attributes
                0x000000000000021f       0x35 Drivers/STM32F3xx_HAL_Driver/Src/stm32f3xx_hal_gpio.o
 .ARM.attributes
                0x0000000000000254       0x35 Drivers/STM32F3xx_HAL_Driver/Src/stm32f3xx_hal_rcc.o
 .ARM.attributes
                0x0000000000000289       0x35 Drivers/STM32F3xx_HAL_Driver/Src/stm32f3xx_hal_rcc_ex.o
 .ARM.attributes
                0x00000000000002be       0x35 Drivers/STM32F3xx_HAL_Driver/Src/stm32f3xx_hal_uart.o
 .ARM.attributes
                0x00000000000002f3       0x35 Drivers/STM32F3xx_HAL_Driver/Src/stm32f3xx_ll_exti.o
 .ARM.attributes
                0x0000000000000328       0x35 Drivers/STM32F3xx_HAL_Driver/Src/stm32f3xx_ll_gpio.o
 .ARM.attributes
                0x000000000000035d       0x35 Modules/DSP/dsp.o
 .ARM.attributes
                0x0000000000000392       0x34 /opt/st/stm32cubeide_1.1.0/plugins/com.st.stm32cube.ide.mcu.externaltools.gnu-tools-for-stm32.7-2018-q2-update.linux64_1.0.0.201904181610/tools/bin/../lib/gcc/arm-none-eabi/7.3.1/../../../../arm-none-eabi/lib/thumb/v7e-m/fpv4-sp/hard/libc_nano.a(lib_a-init.o)
 .ARM.attributes
                0x00000000000003c6       0x34 /opt/st/stm32cubeide_1.1.0/plugins/com.st.stm32cube.ide.mcu.externaltools.gnu-tools-for-stm32.7-2018-q2-update.linux64_1.0.0.201904181610/tools/bin/../lib/gcc/arm-none-eabi/7.3.1/../../../../arm-none-eabi/lib/thumb/v7e-m/fpv4-sp/hard/libc_nano.a(lib_a-memset.o)
 .ARM.attributes
                0x00000000000003fa       0x22 /opt/st/stm32cubeide_1.1.0/plugins/com.st.stm32cube.ide.mcu.externaltools.gnu-tools-for-stm32.7-2018-q2-update.linux64_1.0.0.201904181610/tools/bin/../lib/gcc/arm-none-eabi/7.3.1/thumb/v7e-m/fpv4-sp/hard/crtn.o
OUTPUT(simple_dsp.elf elf32-littlearm)

.debug_info     0x0000000000000000     0xc4b3
 .debug_info    0x0000000000000000     0x2983 Core/Src/main.o
 .debug_info    0x0000000000002983      0xb9e Core/Src/stm32f3xx_hal_msp.o
 .debug_info    0x0000000000003521      0x237 Core/Src/stm32f3xx_it.o
 .debug_info    0x0000000000003758      0x460 Core/Src/system_stm32f3xx.o
 .debug_info    0x0000000000003bb8       0x22 Core/Startup/startup_stm32f303retx.o
 .debug_info    0x0000000000003bda      0x8e6 Drivers/STM32F3xx_HAL_Driver/Src/stm32f3xx_hal.o
 .debug_info    0x00000000000044c0      0xf2c Drivers/STM32F3xx_HAL_Driver/Src/stm32f3xx_hal_cortex.o
 .debug_info    0x00000000000053ec      0x91b Drivers/STM32F3xx_HAL_Driver/Src/stm32f3xx_hal_dac.o
 .debug_info    0x0000000000005d07      0xb23 Drivers/STM32F3xx_HAL_Driver/Src/stm32f3xx_hal_dac_ex.o
 .debug_info    0x000000000000682a      0x7c2 Drivers/STM32F3xx_HAL_Driver/Src/stm32f3xx_hal_gpio.o
 .debug_info    0x0000000000006fec     0x14d1 Drivers/STM32F3xx_HAL_Driver/Src/stm32f3xx_hal_rcc.o
 .debug_info    0x00000000000084bd      0x89c Drivers/STM32F3xx_HAL_Driver/Src/stm32f3xx_hal_rcc_ex.o
 .debug_info    0x0000000000008d59     0x2509 Drivers/STM32F3xx_HAL_Driver/Src/stm32f3xx_hal_uart.o
 .debug_info    0x000000000000b262      0x789 Drivers/STM32F3xx_HAL_Driver/Src/stm32f3xx_ll_exti.o
 .debug_info    0x000000000000b9eb      0xa80 Drivers/STM32F3xx_HAL_Driver/Src/stm32f3xx_ll_gpio.o
 .debug_info    0x000000000000c46b       0x48 Modules/DSP/dsp.o

.debug_abbrev   0x0000000000000000     0x2167
 .debug_abbrev  0x0000000000000000      0x3c7 Core/Src/main.o
 .debug_abbrev  0x00000000000003c7      0x1c8 Core/Src/stm32f3xx_hal_msp.o
 .debug_abbrev  0x000000000000058f      0x126 Core/Src/stm32f3xx_it.o
 .debug_abbrev  0x00000000000006b5      0x12b Core/Src/system_stm32f3xx.o
 .debug_abbrev  0x00000000000007e0       0x12 Core/Startup/startup_stm32f303retx.o
 .debug_abbrev  0x00000000000007f2      0x240 Drivers/STM32F3xx_HAL_Driver/Src/stm32f3xx_hal.o
 .debug_abbrev  0x0000000000000a32      0x320 Drivers/STM32F3xx_HAL_Driver/Src/stm32f3xx_hal_cortex.o
 .debug_abbrev  0x0000000000000d52      0x212 Drivers/STM32F3xx_HAL_Driver/Src/stm32f3xx_hal_dac.o
 .debug_abbrev  0x0000000000000f64      0x2b3 Drivers/STM32F3xx_HAL_Driver/Src/stm32f3xx_hal_dac_ex.o
 .debug_abbrev  0x0000000000001217      0x1fa Drivers/STM32F3xx_HAL_Driver/Src/stm32f3xx_hal_gpio.o
 .debug_abbrev  0x0000000000001411      0x318 Drivers/STM32F3xx_HAL_Driver/Src/stm32f3xx_hal_rcc.o
 .debug_abbrev  0x0000000000001729      0x268 Drivers/STM32F3xx_HAL_Driver/Src/stm32f3xx_hal_rcc_ex.o
 .debug_abbrev  0x0000000000001991      0x369 Drivers/STM32F3xx_HAL_Driver/Src/stm32f3xx_hal_uart.o
 .debug_abbrev  0x0000000000001cfa      0x1ef Drivers/STM32F3xx_HAL_Driver/Src/stm32f3xx_ll_exti.o
 .debug_abbrev  0x0000000000001ee9      0x237 Drivers/STM32F3xx_HAL_Driver/Src/stm32f3xx_ll_gpio.o
 .debug_abbrev  0x0000000000002120       0x47 Modules/DSP/dsp.o

.debug_loc      0x0000000000000000     0x5376
 .debug_loc     0x0000000000000000      0x3ce Core/Src/main.o
 .debug_loc     0x00000000000003ce       0x84 Core/Src/stm32f3xx_hal_msp.o
 .debug_loc     0x0000000000000452       0xf5 Core/Src/system_stm32f3xx.o
 .debug_loc     0x0000000000000547      0x12f Drivers/STM32F3xx_HAL_Driver/Src/stm32f3xx_hal.o
 .debug_loc     0x0000000000000676      0x5c9 Drivers/STM32F3xx_HAL_Driver/Src/stm32f3xx_hal_cortex.o
 .debug_loc     0x0000000000000c3f      0x238 Drivers/STM32F3xx_HAL_Driver/Src/stm32f3xx_hal_dac.o
 .debug_loc     0x0000000000000e77      0x703 Drivers/STM32F3xx_HAL_Driver/Src/stm32f3xx_hal_dac_ex.o
 .debug_loc     0x000000000000157a      0x3b9 Drivers/STM32F3xx_HAL_Driver/Src/stm32f3xx_hal_gpio.o
 .debug_loc     0x0000000000001933      0xb07 Drivers/STM32F3xx_HAL_Driver/Src/stm32f3xx_hal_rcc.o
 .debug_loc     0x000000000000243a      0x803 Drivers/STM32F3xx_HAL_Driver/Src/stm32f3xx_hal_rcc_ex.o
 .debug_loc     0x0000000000002c3d     0x20a3 Drivers/STM32F3xx_HAL_Driver/Src/stm32f3xx_hal_uart.o
 .debug_loc     0x0000000000004ce0       0xe4 Drivers/STM32F3xx_HAL_Driver/Src/stm32f3xx_ll_exti.o
 .debug_loc     0x0000000000004dc4      0x5b2 Drivers/STM32F3xx_HAL_Driver/Src/stm32f3xx_ll_gpio.o

.debug_aranges  0x0000000000000000      0x708
 .debug_aranges
                0x0000000000000000       0x58 Core/Src/main.o
 .debug_aranges
                0x0000000000000058       0x40 Core/Src/stm32f3xx_hal_msp.o
 .debug_aranges
                0x0000000000000098       0x48 Core/Src/stm32f3xx_it.o
 .debug_aranges
                0x00000000000000e0       0x28 Core/Src/system_stm32f3xx.o
 .debug_aranges
                0x0000000000000108       0x28 Core/Startup/startup_stm32f303retx.o
 .debug_aranges
                0x0000000000000130       0xd8 Drivers/STM32F3xx_HAL_Driver/Src/stm32f3xx_hal.o
 .debug_aranges
                0x0000000000000208       0xa8 Drivers/STM32F3xx_HAL_Driver/Src/stm32f3xx_hal_cortex.o
 .debug_aranges
                0x00000000000002b0       0x78 Drivers/STM32F3xx_HAL_Driver/Src/stm32f3xx_hal_dac.o
 .debug_aranges
                0x0000000000000328       0xa0 Drivers/STM32F3xx_HAL_Driver/Src/stm32f3xx_hal_dac_ex.o
 .debug_aranges
                0x00000000000003c8       0x58 Drivers/STM32F3xx_HAL_Driver/Src/stm32f3xx_hal_gpio.o
 .debug_aranges
                0x0000000000000420       0x88 Drivers/STM32F3xx_HAL_Driver/Src/stm32f3xx_hal_rcc.o
 .debug_aranges
                0x00000000000004a8       0x30 Drivers/STM32F3xx_HAL_Driver/Src/stm32f3xx_hal_rcc_ex.o
 .debug_aranges
                0x00000000000004d8      0x1b0 Drivers/STM32F3xx_HAL_Driver/Src/stm32f3xx_hal_uart.o
 .debug_aranges
                0x0000000000000688       0x30 Drivers/STM32F3xx_HAL_Driver/Src/stm32f3xx_ll_exti.o
 .debug_aranges
                0x00000000000006b8       0x30 Drivers/STM32F3xx_HAL_Driver/Src/stm32f3xx_ll_gpio.o
 .debug_aranges
                0x00000000000006e8       0x20 Modules/DSP/dsp.o

.debug_ranges   0x0000000000000000     0x1300
 .debug_ranges  0x0000000000000000      0x1a0 Core/Src/main.o
 .debug_ranges  0x00000000000001a0       0xa8 Core/Src/stm32f3xx_hal_msp.o
 .debug_ranges  0x0000000000000248       0x38 Core/Src/stm32f3xx_it.o
 .debug_ranges  0x0000000000000280       0x18 Core/Src/system_stm32f3xx.o
 .debug_ranges  0x0000000000000298       0x20 Core/Startup/startup_stm32f303retx.o
 .debug_ranges  0x00000000000002b8       0xc8 Drivers/STM32F3xx_HAL_Driver/Src/stm32f3xx_hal.o
 .debug_ranges  0x0000000000000380      0x138 Drivers/STM32F3xx_HAL_Driver/Src/stm32f3xx_hal_cortex.o
 .debug_ranges  0x00000000000004b8       0x68 Drivers/STM32F3xx_HAL_Driver/Src/stm32f3xx_hal_dac.o
 .debug_ranges  0x0000000000000520       0x90 Drivers/STM32F3xx_HAL_Driver/Src/stm32f3xx_hal_dac_ex.o
 .debug_ranges  0x00000000000005b0       0x60 Drivers/STM32F3xx_HAL_Driver/Src/stm32f3xx_hal_gpio.o
 .debug_ranges  0x0000000000000610      0x2b8 Drivers/STM32F3xx_HAL_Driver/Src/stm32f3xx_hal_rcc.o
 .debug_ranges  0x00000000000008c8       0xd8 Drivers/STM32F3xx_HAL_Driver/Src/stm32f3xx_hal_rcc_ex.o
 .debug_ranges  0x00000000000009a0      0x7e0 Drivers/STM32F3xx_HAL_Driver/Src/stm32f3xx_hal_uart.o
 .debug_ranges  0x0000000000001180       0x38 Drivers/STM32F3xx_HAL_Driver/Src/stm32f3xx_ll_exti.o
 .debug_ranges  0x00000000000011b8      0x138 Drivers/STM32F3xx_HAL_Driver/Src/stm32f3xx_ll_gpio.o
 .debug_ranges  0x00000000000012f0       0x10 Modules/DSP/dsp.o

.debug_macro    0x0000000000000000    0x1e442
 .debug_macro   0x0000000000000000      0x428 Core/Src/main.o
 .debug_macro   0x0000000000000428      0xa6c Core/Src/main.o
 .debug_macro   0x0000000000000e94      0x157 Core/Src/main.o
 .debug_macro   0x0000000000000feb       0x2e Core/Src/main.o
 .debug_macro   0x0000000000001019       0x28 Core/Src/main.o
 .debug_macro   0x0000000000001041       0x22 Core/Src/main.o
 .debug_macro   0x0000000000001063       0x8e Core/Src/main.o
 .debug_macro   0x00000000000010f1       0x51 Core/Src/main.o
 .debug_macro   0x0000000000001142       0xef Core/Src/main.o
 .debug_macro   0x0000000000001231       0x6a Core/Src/main.o
 .debug_macro   0x000000000000129b      0x1df Core/Src/main.o
 .debug_macro   0x000000000000147a       0x1c Core/Src/main.o
 .debug_macro   0x0000000000001496       0x22 Core/Src/main.o
 .debug_macro   0x00000000000014b8       0xdf Core/Src/main.o
 .debug_macro   0x0000000000001597     0x102d Core/Src/main.o
 .debug_macro   0x00000000000025c4      0x11f Core/Src/main.o
 .debug_macro   0x00000000000026e3    0x15353 Core/Src/main.o
 .debug_macro   0x0000000000017a36       0x43 Core/Src/main.o
 .debug_macro   0x0000000000017a79      0x174 Core/Src/main.o
 .debug_macro   0x0000000000017bed       0x53 Core/Src/main.o
 .debug_macro   0x0000000000017c40      0x954 Core/Src/main.o
 .debug_macro   0x0000000000018594      0x84a Core/Src/main.o
 .debug_macro   0x0000000000018dde      0x12f Core/Src/main.o
 .debug_macro   0x0000000000018f0d      0x23a Core/Src/main.o
 .debug_macro   0x0000000000019147      0x1ea Core/Src/main.o
 .debug_macro   0x0000000000019331      0x1bc Core/Src/main.o
 .debug_macro   0x00000000000194ed       0x30 Core/Src/main.o
 .debug_macro   0x000000000001951d       0x3c Core/Src/main.o
 .debug_macro   0x0000000000019559      0x236 Core/Src/main.o
 .debug_macro   0x000000000001978f      0x176 Core/Src/main.o
 .debug_macro   0x0000000000019905       0x61 Core/Src/main.o
 .debug_macro   0x0000000000019966       0xc5 Core/Src/main.o
 .debug_macro   0x0000000000019a2b      0x21d Core/Src/main.o
 .debug_macro   0x0000000000019c48      0x22c Core/Src/main.o
 .debug_macro   0x0000000000019e74       0x58 Core/Src/main.o
 .debug_macro   0x0000000000019ecc       0xa5 Core/Src/main.o
 .debug_macro   0x0000000000019f71       0x81 Core/Src/main.o
 .debug_macro   0x0000000000019ff2       0xd3 Core/Src/main.o
 .debug_macro   0x000000000001a0c5      0x589 Core/Src/main.o
 .debug_macro   0x000000000001a64e       0x44 Core/Src/main.o
 .debug_macro   0x000000000001a692      0x347 Core/Src/main.o
 .debug_macro   0x000000000001a9d9      0x39f Core/Src/main.o
 .debug_macro   0x000000000001ad78      0x142 Core/Src/main.o
 .debug_macro   0x000000000001aeba      0x148 Core/Src/main.o
 .debug_macro   0x000000000001b002      0x14a Core/Src/main.o
 .debug_macro   0x000000000001b14c      0x1a8 Core/Src/main.o
 .debug_macro   0x000000000001b2f4      0x627 Core/Src/main.o
 .debug_macro   0x000000000001b91b       0x30 Core/Src/main.o
 .debug_macro   0x000000000001b94b       0xae Core/Src/main.o
 .debug_macro   0x000000000001b9f9      0x287 Core/Src/main.o
 .debug_macro   0x000000000001bc80       0x58 Core/Src/main.o
 .debug_macro   0x000000000001bcd8       0x46 Core/Src/main.o
 .debug_macro   0x000000000001bd1e       0x18 Core/Src/main.o
 .debug_macro   0x000000000001bd36       0x3c Core/Src/main.o
 .debug_macro   0x000000000001bd72       0x34 Core/Src/main.o
 .debug_macro   0x000000000001bda6       0x52 Core/Src/main.o
 .debug_macro   0x000000000001bdf8       0x1f Core/Src/main.o
 .debug_macro   0x000000000001be17       0x43 Core/Src/main.o
 .debug_macro   0x000000000001be5a       0x20 Core/Src/main.o
 .debug_macro   0x000000000001be7a      0x1a3 Core/Src/main.o
 .debug_macro   0x000000000001c01d      0x32a Core/Src/main.o
 .debug_macro   0x000000000001c347       0x10 Core/Src/main.o
 .debug_macro   0x000000000001c357       0x35 Core/Src/main.o
 .debug_macro   0x000000000001c38c       0x20 Core/Src/main.o
 .debug_macro   0x000000000001c3ac      0x1e1 Core/Src/main.o
 .debug_macro   0x000000000001c58d      0x201 Core/Src/main.o
 .debug_macro   0x000000000001c78e       0xc8 Core/Src/main.o
 .debug_macro   0x000000000001c856      0x22e Core/Src/stm32f3xx_hal_msp.o
 .debug_macro   0x000000000001ca84      0x238 Core/Src/stm32f3xx_it.o
 .debug_macro   0x000000000001ccbc      0x1d4 Core/Src/system_stm32f3xx.o
 .debug_macro   0x000000000001ce90      0x1f2 Drivers/STM32F3xx_HAL_Driver/Src/stm32f3xx_hal.o
 .debug_macro   0x000000000001d082      0x1ce Drivers/STM32F3xx_HAL_Driver/Src/stm32f3xx_hal_cortex.o
 .debug_macro   0x000000000001d250      0x1cf Drivers/STM32F3xx_HAL_Driver/Src/stm32f3xx_hal_dac.o
 .debug_macro   0x000000000001d41f      0x1ce Drivers/STM32F3xx_HAL_Driver/Src/stm32f3xx_hal_dac_ex.o
 .debug_macro   0x000000000001d5ed      0x206 Drivers/STM32F3xx_HAL_Driver/Src/stm32f3xx_hal_gpio.o
 .debug_macro   0x000000000001d7f3      0x1f2 Drivers/STM32F3xx_HAL_Driver/Src/stm32f3xx_hal_rcc.o
 .debug_macro   0x000000000001d9e5      0x1ce Drivers/STM32F3xx_HAL_Driver/Src/stm32f3xx_hal_rcc_ex.o
 .debug_macro   0x000000000001dbb3      0x1eb Drivers/STM32F3xx_HAL_Driver/Src/stm32f3xx_hal_uart.o
 .debug_macro   0x000000000001dd9e      0x1fb Drivers/STM32F3xx_HAL_Driver/Src/stm32f3xx_ll_exti.o
 .debug_macro   0x000000000001df99      0x142 Drivers/STM32F3xx_HAL_Driver/Src/stm32f3xx_ll_exti.o
 .debug_macro   0x000000000001e0db      0x210 Drivers/STM32F3xx_HAL_Driver/Src/stm32f3xx_ll_gpio.o
 .debug_macro   0x000000000001e2eb      0x13c Drivers/STM32F3xx_HAL_Driver/Src/stm32f3xx_ll_gpio.o
 .debug_macro   0x000000000001e427       0x1b Modules/DSP/dsp.o

.debug_line     0x0000000000000000     0x8e7b
 .debug_line    0x0000000000000000      0xbed Core/Src/main.o
 .debug_line    0x0000000000000bed      0x7e5 Core/Src/stm32f3xx_hal_msp.o
 .debug_line    0x00000000000013d2      0x7b3 Core/Src/stm32f3xx_it.o
 .debug_line    0x0000000000001b85      0x6a3 Core/Src/system_stm32f3xx.o
 .debug_line    0x0000000000002228       0x85 Core/Startup/startup_stm32f303retx.o
 .debug_line    0x00000000000022ad      0x85c Drivers/STM32F3xx_HAL_Driver/Src/stm32f3xx_hal.o
 .debug_line    0x0000000000002b09      0x8f9 Drivers/STM32F3xx_HAL_Driver/Src/stm32f3xx_hal_cortex.o
 .debug_line    0x0000000000003402      0x7a9 Drivers/STM32F3xx_HAL_Driver/Src/stm32f3xx_hal_dac.o
 .debug_line    0x0000000000003bab      0x9b2 Drivers/STM32F3xx_HAL_Driver/Src/stm32f3xx_hal_dac_ex.o
 .debug_line    0x000000000000455d      0x857 Drivers/STM32F3xx_HAL_Driver/Src/stm32f3xx_hal_gpio.o
 .debug_line    0x0000000000004db4      0xd18 Drivers/STM32F3xx_HAL_Driver/Src/stm32f3xx_hal_rcc.o
 .debug_line    0x0000000000005acc      0x9a9 Drivers/STM32F3xx_HAL_Driver/Src/stm32f3xx_hal_rcc_ex.o
 .debug_line    0x0000000000006475     0x197d Drivers/STM32F3xx_HAL_Driver/Src/stm32f3xx_hal_uart.o
 .debug_line    0x0000000000007df2      0x7ac Drivers/STM32F3xx_HAL_Driver/Src/stm32f3xx_ll_exti.o
 .debug_line    0x000000000000859e      0x88f Drivers/STM32F3xx_HAL_Driver/Src/stm32f3xx_ll_gpio.o
 .debug_line    0x0000000000008e2d       0x4e Modules/DSP/dsp.o

.debug_str      0x0000000000000000    0xb2b90
 .debug_str     0x0000000000000000    0xb0305 Core/Src/main.o
                                      0xb0dca (size before relaxing)
 .debug_str     0x00000000000b0305       0x9b Core/Src/stm32f3xx_hal_msp.o
                                      0xabdd0 (size before relaxing)
 .debug_str     0x00000000000b03a0       0xc9 Core/Src/stm32f3xx_it.o
                                      0xab846 (size before relaxing)
 .debug_str     0x00000000000b0469       0xc7 Core/Src/system_stm32f3xx.o
                                      0xa1f24 (size before relaxing)
 .debug_str     0x00000000000b0530       0x36 Core/Startup/startup_stm32f303retx.o
                                         0x77 (size before relaxing)
 .debug_str     0x00000000000b0566      0x766 Drivers/STM32F3xx_HAL_Driver/Src/stm32f3xx_hal.o
                                      0xa275c (size before relaxing)
 .debug_str     0x00000000000b0ccc      0x374 Drivers/STM32F3xx_HAL_Driver/Src/stm32f3xx_hal_cortex.o
                                      0xa2825 (size before relaxing)
 .debug_str     0x00000000000b1040      0x173 Drivers/STM32F3xx_HAL_Driver/Src/stm32f3xx_hal_dac.o
                                      0xa2352 (size before relaxing)
 .debug_str     0x00000000000b11b3      0x1c1 Drivers/STM32F3xx_HAL_Driver/Src/stm32f3xx_hal_dac_ex.o
                                      0xa245b (size before relaxing)
 .debug_str     0x00000000000b1374      0x200 Drivers/STM32F3xx_HAL_Driver/Src/stm32f3xx_hal_gpio.o
                                      0xa21ee (size before relaxing)
 .debug_str     0x00000000000b1574      0x2e3 Drivers/STM32F3xx_HAL_Driver/Src/stm32f3xx_hal_rcc.o
                                      0xa23a9 (size before relaxing)
 .debug_str     0x00000000000b1857       0xbe Drivers/STM32F3xx_HAL_Driver/Src/stm32f3xx_hal_rcc_ex.o
                                      0xa221a (size before relaxing)
 .debug_str     0x00000000000b1915      0x833 Drivers/STM32F3xx_HAL_Driver/Src/stm32f3xx_hal_uart.o
                                      0xa2b87 (size before relaxing)
 .debug_str     0x00000000000b2148      0x440 Drivers/STM32F3xx_HAL_Driver/Src/stm32f3xx_ll_exti.o
                                      0xa2973 (size before relaxing)
 .debug_str     0x00000000000b2588      0x5f3 Drivers/STM32F3xx_HAL_Driver/Src/stm32f3xx_ll_gpio.o
                                      0xa3519 (size before relaxing)
 .debug_str     0x00000000000b2b7b       0x15 Modules/DSP/dsp.o
                                       0x2d5b (size before relaxing)

.comment        0x0000000000000000       0x7b
 .comment       0x0000000000000000       0x7b Core/Src/main.o
                                         0x7c (size before relaxing)
 .comment       0x000000000000007b       0x7c Core/Src/stm32f3xx_hal_msp.o
 .comment       0x000000000000007b       0x7c Core/Src/stm32f3xx_it.o
 .comment       0x000000000000007b       0x7c Core/Src/system_stm32f3xx.o
 .comment       0x000000000000007b       0x7c Drivers/STM32F3xx_HAL_Driver/Src/stm32f3xx_hal.o
 .comment       0x000000000000007b       0x7c Drivers/STM32F3xx_HAL_Driver/Src/stm32f3xx_hal_cortex.o
 .comment       0x000000000000007b       0x7c Drivers/STM32F3xx_HAL_Driver/Src/stm32f3xx_hal_dac.o
 .comment       0x000000000000007b       0x7c Drivers/STM32F3xx_HAL_Driver/Src/stm32f3xx_hal_dac_ex.o
 .comment       0x000000000000007b       0x7c Drivers/STM32F3xx_HAL_Driver/Src/stm32f3xx_hal_gpio.o
 .comment       0x000000000000007b       0x7c Drivers/STM32F3xx_HAL_Driver/Src/stm32f3xx_hal_rcc.o
 .comment       0x000000000000007b       0x7c Drivers/STM32F3xx_HAL_Driver/Src/stm32f3xx_hal_rcc_ex.o
 .comment       0x000000000000007b       0x7c Drivers/STM32F3xx_HAL_Driver/Src/stm32f3xx_hal_uart.o
 .comment       0x000000000000007b       0x7c Drivers/STM32F3xx_HAL_Driver/Src/stm32f3xx_ll_exti.o
 .comment       0x000000000000007b       0x7c Drivers/STM32F3xx_HAL_Driver/Src/stm32f3xx_ll_gpio.o
 .comment       0x000000000000007b       0x7c Modules/DSP/dsp.o

.debug_frame    0x0000000000000000     0x1468
 .debug_frame   0x0000000000000000      0x11c Core/Src/main.o
 .debug_frame   0x000000000000011c       0x94 Core/Src/stm32f3xx_hal_msp.o
 .debug_frame   0x00000000000001b0       0xa0 Core/Src/stm32f3xx_it.o
 .debug_frame   0x0000000000000250       0x30 Core/Src/system_stm32f3xx.o
 .debug_frame   0x0000000000000280      0x1d4 Drivers/STM32F3xx_HAL_Driver/Src/stm32f3xx_hal.o
 .debug_frame   0x0000000000000454      0x178 Drivers/STM32F3xx_HAL_Driver/Src/stm32f3xx_hal_cortex.o
 .debug_frame   0x00000000000005cc      0x15c Drivers/STM32F3xx_HAL_Driver/Src/stm32f3xx_hal_dac.o
 .debug_frame   0x0000000000000728      0x1ec Drivers/STM32F3xx_HAL_Driver/Src/stm32f3xx_hal_dac_ex.o
 .debug_frame   0x0000000000000914      0x124 Drivers/STM32F3xx_HAL_Driver/Src/stm32f3xx_hal_gpio.o
 .debug_frame   0x0000000000000a38      0x184 Drivers/STM32F3xx_HAL_Driver/Src/stm32f3xx_hal_rcc.o
 .debug_frame   0x0000000000000bbc       0xb0 Drivers/STM32F3xx_HAL_Driver/Src/stm32f3xx_hal_rcc_ex.o
 .debug_frame   0x0000000000000c6c      0x6c4 Drivers/STM32F3xx_HAL_Driver/Src/stm32f3xx_hal_uart.o
 .debug_frame   0x0000000000001330       0x64 Drivers/STM32F3xx_HAL_Driver/Src/stm32f3xx_ll_exti.o
 .debug_frame   0x0000000000001394       0x58 Drivers/STM32F3xx_HAL_Driver/Src/stm32f3xx_ll_gpio.o
 .debug_frame   0x00000000000013ec       0x30 Modules/DSP/dsp.o
 .debug_frame   0x000000000000141c       0x2c /opt/st/stm32cubeide_1.1.0/plugins/com.st.stm32cube.ide.mcu.externaltools.gnu-tools-for-stm32.7-2018-q2-update.linux64_1.0.0.201904181610/tools/bin/../lib/gcc/arm-none-eabi/7.3.1/../../../../arm-none-eabi/lib/thumb/v7e-m/fpv4-sp/hard/libc_nano.a(lib_a-init.o)
 .debug_frame   0x0000000000001448       0x20 /opt/st/stm32cubeide_1.1.0/plugins/com.st.stm32cube.ide.mcu.externaltools.gnu-tools-for-stm32.7-2018-q2-update.linux64_1.0.0.201904181610/tools/bin/../lib/gcc/arm-none-eabi/7.3.1/../../../../arm-none-eabi/lib/thumb/v7e-m/fpv4-sp/hard/libc_nano.a(lib_a-memset.o)
