20:57:14 **** Incremental Build of configuration Debug for project simple_dsp ****
make -j4 all 
arm-none-eabi-size   simple_dsp.elf 
   text	   data	    bss	    dec	    hex	filename
  10312	     20	   1796	  12128	   2f60	simple_dsp.elf
Finished building: default.size.stdout
 
20:57:20 **** Incremental Build of configuration Debug for project simple_dsp ****
make -j4 all 
arm-none-eabi-size   simple_dsp.elf 
   text	   data	    bss	    dec	    hex	filename
  10312	     20	   1796	  12128	   2f60	simple_dsp.elf
Finished building: default.size.stdout
 
