11:18:14 **** Incremental Build of configuration Debug for project simple_dsp ****
make -j4 all 
arm-none-eabi-gcc "../Core/Src/main.c" -mcpu=cortex-m4 -std=gnu11 -g3 -DUSE_HAL_DRIVER -DSTM32F303xE -DUSE_FULL_LL_DRIVER -DDEBUG -c -I../Drivers/CMSIS/Include -I../Drivers/STM32F3xx_HAL_Driver/Inc -I../CMSIS/DSP/Include -I../Core/Inc -I../Drivers/STM32F3xx_HAL_Driver/Inc/Legacy -I../Drivers/CMSIS/Device/ST/STM32F3xx/Include -Ofast -ffunction-sections -fdata-sections -Wall -fstack-usage -MMD -MP -MF"Core/Src/main.d" -MT"Core/Src/main.o" --specs=nano.specs -mfpu=fpv4-sp-d16 -mfloat-abi=hard -mthumb -o "Core/Src/main.o"
arm-none-eabi-gcc -o "simple_dsp.elf" @"objects.list"  -larm_cortexM4lf_math -mcpu=cortex-m4 -T"/home/javi/github_projects/simple_dsp_filtering/simple_dsp/STM32F303RETX_FLASH.ld" --specs=nosys.specs -Wl,-Map="simple_dsp.map" -Wl,--gc-sections -static -L"/home/javi/github_projects/simple_dsp_filtering/simple_dsp/Lib" --specs=nano.specs -mfpu=fpv4-sp-d16 -mfloat-abi=hard -mthumb -Wl,--start-group -lc -lm -Wl,--end-group
Finished building target: simple_dsp.elf
 
arm-none-eabi-objdump -h -S  simple_dsp.elf  > "simple_dsp.list"
arm-none-eabi-size   simple_dsp.elf 
   text	   data	    bss	    dec	    hex	filename
   8608	     20	   1716	  10344	   2868	simple_dsp.elf
Finished building: default.size.stdout
 
Finished building: simple_dsp.list
 
11:18:24 **** Incremental Build of configuration Debug for project simple_dsp ****
make -j4 all 
arm-none-eabi-size   simple_dsp.elf 
   text	   data	    bss	    dec	    hex	filename
   8608	     20	   1716	  10344	   2868	simple_dsp.elf
Finished building: default.size.stdout
 
